Archive member included to satisfy reference by file (symbol)

C:/ST/STM32CubeIDE_1.19.0/STM32CubeIDE/plugins/com.st.stm32cube.ide.mcu.externaltools.gnu-tools-for-stm32.13.3.rel1.win32_1.0.0.202411081344/tools/bin/../lib/gcc/arm-none-eabi/13.3.1/../../../../arm-none-eabi/lib/thumb/v7e-m+fp/hard\libc_nano.a(libc_a-exit.o)
                              C:/ST/STM32CubeIDE_1.19.0/STM32CubeIDE/plugins/com.st.stm32cube.ide.mcu.externaltools.gnu-tools-for-stm32.13.3.rel1.win32_1.0.0.202411081344/tools/bin/../lib/gcc/arm-none-eabi/13.3.1/../../../../arm-none-eabi/lib/thumb/v7e-m+fp/hard/crt0.o (exit)
C:/ST/STM32CubeIDE_1.19.0/STM32CubeIDE/plugins/com.st.stm32cube.ide.mcu.externaltools.gnu-tools-for-stm32.13.3.rel1.win32_1.0.0.202411081344/tools/bin/../lib/gcc/arm-none-eabi/13.3.1/../../../../arm-none-eabi/lib/thumb/v7e-m+fp/hard\libc_nano.a(libc_a-findfp.o)
                              ./Libs/FreeRTOS/Source/tasks.o (__sf)
C:/ST/STM32CubeIDE_1.19.0/STM32CubeIDE/plugins/com.st.stm32cube.ide.mcu.externaltools.gnu-tools-for-stm32.13.3.rel1.win32_1.0.0.202411081344/tools/bin/../lib/gcc/arm-none-eabi/13.3.1/../../../../arm-none-eabi/lib/thumb/v7e-m+fp/hard\libc_nano.a(libc_a-fwalk.o)
                              C:/ST/STM32CubeIDE_1.19.0/STM32CubeIDE/plugins/com.st.stm32cube.ide.mcu.externaltools.gnu-tools-for-stm32.13.3.rel1.win32_1.0.0.202411081344/tools/bin/../lib/gcc/arm-none-eabi/13.3.1/../../../../arm-none-eabi/lib/thumb/v7e-m+fp/hard\libc_nano.a(libc_a-findfp.o) (_fwalk_sglue)
C:/ST/STM32CubeIDE_1.19.0/STM32CubeIDE/plugins/com.st.stm32cube.ide.mcu.externaltools.gnu-tools-for-stm32.13.3.rel1.win32_1.0.0.202411081344/tools/bin/../lib/gcc/arm-none-eabi/13.3.1/../../../../arm-none-eabi/lib/thumb/v7e-m+fp/hard\libc_nano.a(libc_a-stdio.o)
                              C:/ST/STM32CubeIDE_1.19.0/STM32CubeIDE/plugins/com.st.stm32cube.ide.mcu.externaltools.gnu-tools-for-stm32.13.3.rel1.win32_1.0.0.202411081344/tools/bin/../lib/gcc/arm-none-eabi/13.3.1/../../../../arm-none-eabi/lib/thumb/v7e-m+fp/hard\libc_nano.a(libc_a-findfp.o) (__sread)
C:/ST/STM32CubeIDE_1.19.0/STM32CubeIDE/plugins/com.st.stm32cube.ide.mcu.externaltools.gnu-tools-for-stm32.13.3.rel1.win32_1.0.0.202411081344/tools/bin/../lib/gcc/arm-none-eabi/13.3.1/../../../../arm-none-eabi/lib/thumb/v7e-m+fp/hard\libc_nano.a(libc_a-memcmp.o)
                              ./Libs/FreeRTOS/Source/tasks.o (memcmp)
C:/ST/STM32CubeIDE_1.19.0/STM32CubeIDE/plugins/com.st.stm32cube.ide.mcu.externaltools.gnu-tools-for-stm32.13.3.rel1.win32_1.0.0.202411081344/tools/bin/../lib/gcc/arm-none-eabi/13.3.1/../../../../arm-none-eabi/lib/thumb/v7e-m+fp/hard\libc_nano.a(libc_a-memset.o)
                              C:/ST/STM32CubeIDE_1.19.0/STM32CubeIDE/plugins/com.st.stm32cube.ide.mcu.externaltools.gnu-tools-for-stm32.13.3.rel1.win32_1.0.0.202411081344/tools/bin/../lib/gcc/arm-none-eabi/13.3.1/../../../../arm-none-eabi/lib/thumb/v7e-m+fp/hard/crt0.o (memset)
C:/ST/STM32CubeIDE_1.19.0/STM32CubeIDE/plugins/com.st.stm32cube.ide.mcu.externaltools.gnu-tools-for-stm32.13.3.rel1.win32_1.0.0.202411081344/tools/bin/../lib/gcc/arm-none-eabi/13.3.1/../../../../arm-none-eabi/lib/thumb/v7e-m+fp/hard\libc_nano.a(libc_a-closer.o)
                              C:/ST/STM32CubeIDE_1.19.0/STM32CubeIDE/plugins/com.st.stm32cube.ide.mcu.externaltools.gnu-tools-for-stm32.13.3.rel1.win32_1.0.0.202411081344/tools/bin/../lib/gcc/arm-none-eabi/13.3.1/../../../../arm-none-eabi/lib/thumb/v7e-m+fp/hard\libc_nano.a(libc_a-stdio.o) (_close_r)
C:/ST/STM32CubeIDE_1.19.0/STM32CubeIDE/plugins/com.st.stm32cube.ide.mcu.externaltools.gnu-tools-for-stm32.13.3.rel1.win32_1.0.0.202411081344/tools/bin/../lib/gcc/arm-none-eabi/13.3.1/../../../../arm-none-eabi/lib/thumb/v7e-m+fp/hard\libc_nano.a(libc_a-reent.o)
                              ./Libs/FreeRTOS/Source/tasks.o (_reclaim_reent)
C:/ST/STM32CubeIDE_1.19.0/STM32CubeIDE/plugins/com.st.stm32cube.ide.mcu.externaltools.gnu-tools-for-stm32.13.3.rel1.win32_1.0.0.202411081344/tools/bin/../lib/gcc/arm-none-eabi/13.3.1/../../../../arm-none-eabi/lib/thumb/v7e-m+fp/hard\libc_nano.a(libc_a-impure.o)
                              ./Libs/FreeRTOS/Source/tasks.o (_impure_ptr)
C:/ST/STM32CubeIDE_1.19.0/STM32CubeIDE/plugins/com.st.stm32cube.ide.mcu.externaltools.gnu-tools-for-stm32.13.3.rel1.win32_1.0.0.202411081344/tools/bin/../lib/gcc/arm-none-eabi/13.3.1/../../../../arm-none-eabi/lib/thumb/v7e-m+fp/hard\libc_nano.a(libc_a-lseekr.o)
                              C:/ST/STM32CubeIDE_1.19.0/STM32CubeIDE/plugins/com.st.stm32cube.ide.mcu.externaltools.gnu-tools-for-stm32.13.3.rel1.win32_1.0.0.202411081344/tools/bin/../lib/gcc/arm-none-eabi/13.3.1/../../../../arm-none-eabi/lib/thumb/v7e-m+fp/hard\libc_nano.a(libc_a-stdio.o) (_lseek_r)
C:/ST/STM32CubeIDE_1.19.0/STM32CubeIDE/plugins/com.st.stm32cube.ide.mcu.externaltools.gnu-tools-for-stm32.13.3.rel1.win32_1.0.0.202411081344/tools/bin/../lib/gcc/arm-none-eabi/13.3.1/../../../../arm-none-eabi/lib/thumb/v7e-m+fp/hard\libc_nano.a(libc_a-readr.o)
[...]
Memory Configuration

Name             Origin             Length             Attributes
RAM              0x20000000         0x00020000         xrw
FLASH            0x08000000         0x00080000         xr
*default*        0x00000000         0xffffffff

Linker script and memory map

LOAD C:/ST/STM32CubeIDE_1.19.0/STM32CubeIDE/plugins/com.st.stm32cube.ide.mcu.externaltools.gnu-tools-for-stm32.13.3.rel1.win32_1.0.0.202411081344/tools/bin/../lib/gcc/arm-none-eabi/13.3.1/thumb/v7e-m+fp/hard/crti.o
LOAD C:/ST/STM32CubeIDE_1.19.0/STM32CubeIDE/plugins/com.st.stm32cube.ide.mcu.externaltools.gnu-tools-for-stm32.13.3.rel1.win32_1.0.0.202411081344/tools/bin/../lib/gcc/arm-none-eabi/13.3.1/thumb/v7e-m+fp/hard/crtbegin.o
LOAD C:/ST/STM32CubeIDE_1.19.0/STM32CubeIDE/plugins/com.st.stm32cube.ide.mcu.externaltools.gnu-tools-for-stm32.13.3.rel1.win32_1.0.0.202411081344/tools/bin/../lib/gcc/arm-none-eabi/13.3.1/../../../../arm-none-eabi/lib/thumb/v7e-m+fp/hard/crt0.o
LOAD ./Core/Modules/FreeRTOS/freertos.o
LOAD ./Core/Modules/FreeRTOS/freertos_init.o
LOAD ./Core/Modules/Segger/SEGGER_SYSVIEW_Config_FreeRTOS.o
LOAD ./Core/Modules/led/led.o
LOAD ./Core/Src/main.o
LOAD ./Core/Src/stm32f4xx_hal_msp.o
LOAD ./Core/Src/stm32f4xx_hal_timebase_tim.o
LOAD ./Core/Src/stm32f4xx_it.o
LOAD ./Core/Src/syscalls.o
LOAD ./Core/Src/sysmem.o
LOAD ./Core/Src/system_stm32f4xx.o
LOAD ./Core/Startup/startup_stm32f446retx.o
LOAD ./Drivers/STM32F4xx_HAL_Driver/Src/stm32f4xx_hal.o
LOAD ./Drivers/STM32F4xx_HAL_Driver/Src/stm32f4xx_hal_cortex.o
LOAD ./Drivers/STM32F4xx_HAL_Driver/Src/stm32f4xx_hal_dma.o
LOAD ./Drivers/STM32F4xx_HAL_Driver/Src/stm32f4xx_hal_dma_ex.o
LOAD ./Drivers/STM32F4xx_HAL_Driver/Src/stm32f4xx_hal_exti.o
LOAD ./Drivers/STM32F4xx_HAL_Driver/Src/stm32f4xx_hal_flash.o
LOAD ./Drivers/STM32F4xx_HAL_Driver/Src/stm32f4xx_hal_flash_ex.o
LOAD ./Drivers/STM32F4xx_HAL_Driver/Src/stm32f4xx_hal_flash_ramfunc.o
LOAD ./Drivers/STM32F4xx_HAL_Driver/Src/stm32f4xx_hal_gpio.o
LOAD ./Drivers/STM32F4xx_HAL_Driver/Src/stm32f4xx_hal_pwr.o
LOAD ./Drivers/STM32F4xx_HAL_Driver/Src/stm32f4xx_hal_pwr_ex.o
LOAD ./Drivers/STM32F4xx_HAL_Driver/Src/stm32f4xx_hal_rcc.o
LOAD ./Drivers/STM32F4xx_HAL_Driver/Src/stm32f4xx_hal_rcc_ex.o
LOAD ./Drivers/STM32F4xx_HAL_Driver/Src/stm32f4xx_hal_tim.o
LOAD ./Drivers/STM32F4xx_HAL_Driver/Src/stm32f4xx_hal_tim_ex.o
LOAD ./Drivers/STM32F4xx_HAL_Driver/Src/stm32f4xx_hal_uart.o
LOAD ./Libs/FreeRTOS/Source/croutine.o
LOAD ./Libs/FreeRTOS/Source/event_groups.o
LOAD ./Libs/FreeRTOS/Source/list.o
LOAD ./Libs/FreeRTOS/Source/queue.o
LOAD ./Libs/FreeRTOS/Source/stream_buffer.o
LOAD ./Libs/FreeRTOS/Source/tasks.o
LOAD ./Libs/FreeRTOS/Source/timers.o
LOAD ./Libs/FreeRTOS/Source/portable/GCC/ARM_CM4F/port.o
LOAD ./Libs/FreeRTOS/Source/portable/MemMang/heap_4.o
LOAD ./Libs/SystemView/SEGGER/SEGGER_RTT.o
LOAD ./Libs/SystemView/SEGGER/SEGGER_RTT_ASM_ARMv7M.o
LOAD ./Libs/SystemView/SEGGER/SEGGER_RTT_printf.o
LOAD ./Libs/SystemView/SEGGER/SEGGER_SYSVIEW.o
LOAD ./Libs/SystemView/SEGGER/Syscalls/SEGGER_RTT_Syscalls_GCC.o
LOAD ./Libs/SystemView/Sample/FreeRTOSV11/SEGGER_SYSVIEW_FreeRTOS.o
START GROUP
LOAD C:/ST/STM32CubeIDE_1.19.0/STM32CubeIDE/plugins/com.st.stm32cube.ide.mcu.externaltools.gnu-tools-for-stm32.13.3.rel1.win32_1.0.0.202411081344/tools/bin/../lib/gcc/arm-none-eabi/13.3.1/../../../../arm-none-eabi/lib/thumb/v7e-m+fp/hard\libc_nano.a
LOAD C:/ST/STM32CubeIDE_1.19.0/STM32CubeIDE/plugins/com.st.stm32cube.ide.mcu.externaltools.gnu-tools-for-stm32.13.3.rel1.win32_1.0.0.202411081344/tools/bin/../lib/gcc/arm-none-eabi/13.3.1/../../../../arm-none-eabi/lib/thumb/v7e-m+fp/hard\libm.a
END GROUP
START GROUP
LOAD C:/ST/STM32CubeIDE_1.19.0/STM32CubeIDE/plugins/com.st.stm32cube.ide.mcu.externaltools.gnu-tools-for-stm32.13.3.rel1.win32_1.0.0.202411081344/tools/bin/../lib/gcc/arm-none-eabi/13.3.1/thumb/v7e-m+fp/hard\libgcc.a
LOAD C:/ST/STM32CubeIDE_1.19.0/STM32CubeIDE/plugins/com.st.stm32cube.ide.mcu.externaltools.gnu-tools-for-stm32.13.3.rel1.win32_1.0.0.202411081344/tools/bin/../lib/gcc/arm-none-eabi/13.3.1/../../../../arm-none-eabi/lib/thumb/v7e-m+fp/hard\libc_nano.a
END GROUP
START GROUP
LOAD C:/ST/STM32CubeIDE_1.19.0/STM32CubeIDE/plugins/com.st.stm32cube.ide.mcu.externaltools.gnu-tools-for-stm32.13.3.rel1.win32_1.0.0.202411081344/tools/bin/../lib/gcc/arm-none-eabi/13.3.1/thumb/v7e-m+fp/hard\libgcc.a
LOAD C:/ST/STM32CubeIDE_1.19.0/STM32CubeIDE/plugins/com.st.stm32cube.ide.mcu.externaltools.gnu-tools-for-stm32.13.3.rel1.win32_1.0.0.202411081344/tools/bin/../lib/gcc/arm-none-eabi/13.3.1/../../../../arm-none-eabi/lib/thumb/v7e-m+fp/hard\libc_nano.a
LOAD C:/ST/STM32CubeIDE_1.19.0/STM32CubeIDE/plugins/com.st.stm32cube.ide.mcu.externaltools.gnu-tools-for-stm32.13.3.rel1.win32_1.0.0.202411081344/tools/bin/../lib/gcc/arm-none-eabi/13.3.1/../../../../arm-none-eabi/lib/thumb/v7e-m+fp/hard\libnosys.a
END GROUP
START GROUP
LOAD C:/ST/STM32CubeIDE_1.19.0/STM32CubeIDE/plugins/com.st.stm32cube.ide.mcu.externaltools.gnu-tools-for-stm32.13.3.rel1.win32_1.0.0.202411081344/tools/bin/../lib/gcc/arm-none-eabi/13.3.1/thumb/v7e-m+fp/hard\libgcc.a
LOAD C:/ST/STM32CubeIDE_1.19.0/STM32CubeIDE/plugins/com.st.stm32cube.ide.mcu.externaltools.gnu-tools-for-stm32.13.3.rel1.win32_1.0.0.202411081344/tools/bin/../lib/gcc/arm-none-eabi/13.3.1/../../../../arm-none-eabi/lib/thumb/v7e-m+fp/hard\libc_nano.a
LOAD C:/ST/STM32CubeIDE_1.19.0/STM32CubeIDE/plugins/com.st.stm32cube.ide.mcu.externaltools.gnu-tools-for-stm32.13.3.rel1.win32_1.0.0.202411081344/tools/bin/../lib/gcc/arm-none-eabi/13.3.1/../../../../arm-none-eabi/lib/thumb/v7e-m+fp/hard\libnosys.a
END GROUP
LOAD C:/ST/STM32CubeIDE_1.19.0/STM32CubeIDE/plugins/com.st.stm32cube.ide.mcu.externaltools.gnu-tools-for-stm32.13.3.rel1.win32_1.0.0.202411081344/tools/bin/../lib/gcc/arm-none-eabi/13.3.1/thumb/v7e-m+fp/hard/crtend.o
LOAD C:/ST/STM32CubeIDE_1.19.0/STM32CubeIDE/plugins/com.st.stm32cube.ide.mcu.externaltools.gnu-tools-for-stm32.13.3.rel1.win32_1.0.0.202411081344/tools/bin/../lib/gcc/arm-none-eabi/13.3.1/thumb/v7e-m+fp/hard/crtn.o
                0x20020000                        _estack = (ORIGIN (RAM) + LENGTH (RAM))
                0x00000200                        _Min_Heap_Size = 0x200
                0x00000400                        _Min_Stack_Size = 0x400

.isr_vector     0x08000000      0x1c4
                0x08000000                        . = ALIGN (0x4)
 *(.isr_vector)
 .isr_vector    0x08000000      0x1c4 ./Core/Startup/startup_stm32f446retx.o
                0x08000000                g_pfnVectors
                0x080001c4                        . = ALIGN (0x4)

.text           0x080001d0     0x7f04
                0x080001d0                        . = ALIGN (0x4)
 *(.text)
 .text          0x080001d0       0x40 C:/ST/STM32CubeIDE_1.19.0/STM32CubeIDE/plugins/com.st.stm32cube.ide.mcu.externaltools.gnu-tools-for-stm32.13.3.rel1.win32_1.0.0.202411081344/tools/bin/../lib/gcc/arm-none-eabi/13.3.1/thumb/v7e-m+fp/hard/crtbegin.o
 .text          0x08000210       0x94 ./Libs/SystemView/SEGGER/SEGGER_RTT_ASM_ARMv7M.o
                0x08000210                SEGGER_RTT_ASM_WriteSkipNoLock
 .text          0x080002a4       0x30 C:/ST/STM32CubeIDE_1.19.0/STM32CubeIDE/plugins/com.st.stm32cube.ide.mcu.externaltools.gnu-tools-for-stm32.13.3.rel1.win32_1.0.0.202411081344/tools/bin/../lib/gcc/arm-none-eabi/13.3.1/thumb/v7e-m+fp/hard\libgcc.a(_aeabi_uldivmod.o)
                0x080002a4                __aeabi_uldivmod
 .text          0x080002d4      0x2f8 C:/ST/STM32CubeIDE_1.19.0/STM32CubeIDE/plugins/com.st.stm32cube.ide.mcu.externaltools.gnu-tools-for-stm32.13.3.rel1.win32_1.0.0.202411081344/tools/bin/../lib/gcc/arm-none-eabi/13.3.1/thumb/v7e-m+fp/hard\libgcc.a(_udivmoddi4.o)
                0x080002d4                __udivmoddi4
 .text          0x080005cc        0x4 C:/ST/STM32CubeIDE_1.19.0/STM32CubeIDE/plugins/com.st.stm32cube.ide.mcu.externaltools.gnu-tools-for-stm32.13.3.rel1.win32_1.0.0.202411081344/tools/bin/../lib/gcc/arm-none-eabi/13.3.1/thumb/v7e-m+fp/hard\libgcc.a(_dvmd_tls.o)
                0x080005cc                __aeabi_idiv0
                0x080005cc                __aeabi_ldiv0
 *(.text*)
 .text.vApplicationGetIdleTaskMemory
                0x080005d0       0x34 ./Core/Modules/FreeRTOS/freertos.o
                0x080005d0                vApplicationGetIdleTaskMemory
 .text.vApplicationGetTimerTaskMemory
                0x08000604       0x34 ./Core/Modules/FreeRTOS/freertos.o
                0x08000604                vApplicationGetTimerTaskMemory
 .text.vInitTasks
                0x08000638        0xc ./Core/Modules/FreeRTOS/freertos_init.o
                0x08000638                vInitTasks
 .text._cbSendSystemDesc
                0x08000644       0x1c ./Core/Modules/Segger/SEGGER_SYSVIEW_Config_FreeRTOS.o
 .text.SEGGER_SYSVIEW_Conf
                0x08000660       0x2c ./Core/Modules/Segger/SEGGER_SYSVIEW_Config_FreeRTOS.o
                0x08000660                SEGGER_SYSVIEW_Conf
 .text.prvLedTask
                0x0800068c       0x20 ./Core/Modules/led/led.o
 .text.vCreateLedTask
                0x080006ac       0x2c ./Core/Modules/led/led.o
                0x080006ac                vCreateLedTask
 .text.main     0x080006d8       0x2c ./Core/Src/main.o
                0x080006d8                main
 .text.SystemClock_Config
                0x08000704       0xdc ./Core/Src/main.o
                0x08000704                SystemClock_Config
 .text.MX_TIM6_Init
                0x080007e0       0x6c ./Core/Src/main.o
 .text.MX_USART2_UART_Init
                0x0800084c       0x54 ./Core/Src/main.o
 .text.MX_DMA_Init
                0x080008a0       0x50 ./Core/Src/main.o
 .text.MX_GPIO_Init
                0x080008f0       0xdc ./Core/Src/main.o
 .text.HAL_TIM_PeriodElapsedCallback
                0x080009cc       0x24 ./Core/Src/main.o
                0x080009cc                HAL_TIM_PeriodElapsedCallback
 .text.Error_Handler
                0x080009f0        0xc ./Core/Src/main.o
                0x080009f0                Error_Handler
 .text.HAL_MspInit
                0x080009fc       0x58 ./Core/Src/stm32f4xx_hal_msp.o
                0x080009fc                HAL_MspInit
 .text.HAL_TIM_Base_MspInit
                0x08000a54       0x50 ./Core/Src/stm32f4xx_hal_msp.o
                0x08000a54                HAL_TIM_Base_MspInit
 .text.HAL_UART_MspInit
                0x08000aa4      0x168 ./Core/Src/stm32f4xx_hal_msp.o
                0x08000aa4                HAL_UART_MspInit
 .text.HAL_InitTick
                0x08000c0c       0xf8 ./Core/Src/stm32f4xx_hal_timebase_tim.o
                0x08000c0c                HAL_InitTick
 .text.NMI_Handler
                0x08000d04        0x8 ./Core/Src/stm32f4xx_it.o
                0x08000d04                NMI_Handler
 .text.HardFault_Handler
                0x08000d0c        0x8 ./Core/Src/stm32f4xx_it.o
                0x08000d0c                HardFault_Handler
 .text.MemManage_Handler
                0x08000d14        0x8 ./Core/Src/stm32f4xx_it.o
                0x08000d14                MemManage_Handler
 .text.BusFault_Handler
                0x08000d1c        0x8 ./Core/Src/stm32f4xx_it.o
                0x08000d1c                BusFault_Handler
 .text.UsageFault_Handler
                0x08000d24        0x8 ./Core/Src/stm32f4xx_it.o
                0x08000d24                UsageFault_Handler
 .text.DebugMon_Handler
                0x08000d2c        0xe ./Core/Src/stm32f4xx_it.o
                0x08000d2c                DebugMon_Handler
 .text.SysTick_Handler
                0x08000d3a       0x16 ./Core/Src/stm32f4xx_it.o
                0x08000d3a                SysTick_Handler
 .text.DMA1_Stream5_IRQHandler
                0x08000d50       0x14 ./Core/Src/stm32f4xx_it.o
                0x08000d50                DMA1_Stream5_IRQHandler
 .text.DMA1_Stream6_IRQHandler
                0x08000d64       0x14 ./Core/Src/stm32f4xx_it.o
                0x08000d64                DMA1_Stream6_IRQHandler
 .text.USART2_IRQHandler
                0x08000d78       0x14 ./Core/Src/stm32f4xx_it.o
                0x08000d78                USART2_IRQHandler
 .text.TIM6_DAC_IRQHandler
                0x08000d8c       0x14 ./Core/Src/stm32f4xx_it.o
                0x08000d8c                TIM6_DAC_IRQHandler
 .text.TIM7_IRQHandler
                0x08000da0       0x14 ./Core/Src/stm32f4xx_it.o
                0x08000da0                TIM7_IRQHandler
 .text.SystemInit
                0x08000db4       0x24 ./Core/Src/system_stm32f4xx.o
                0x08000db4                SystemInit
 .text.Reset_Handler
                0x08000dd8       0x50 ./Core/Startup/startup_stm32f446retx.o
                0x08000dd8                Reset_Handler
 .text.Default_Handler
                0x08000e28        0x2 ./Core/Startup/startup_stm32f446retx.o
                0x08000e28                RTC_Alarm_IRQHandler
                0x08000e28                EXTI2_IRQHandler
                0x08000e28                TIM8_CC_IRQHandler
                0x08000e28                FMPI2C1_EV_IRQHandler
                0x08000e28                SPI4_IRQHandler
                0x08000e28                TIM1_CC_IRQHandler
                0x08000e28                DMA2_Stream5_IRQHandler
                0x08000e28                PVD_IRQHandler
                0x08000e28                SDIO_IRQHandler
                0x08000e28                TAMP_STAMP_IRQHandler
                0x08000e28                CAN2_RX1_IRQHandler
                0x08000e28                EXTI3_IRQHandler
                0x08000e28                TIM8_TRG_COM_TIM14_IRQHandler
                0x08000e28                TIM1_UP_TIM10_IRQHandler
                0x08000e28                TIM8_UP_TIM13_IRQHandler
                0x08000e28                I2C3_ER_IRQHandler
                0x08000e28                EXTI0_IRQHandler
                0x08000e28                I2C2_EV_IRQHandler
                0x08000e28                DMA1_Stream2_IRQHandler
                0x08000e28                CAN1_RX0_IRQHandler
                0x08000e28                FPU_IRQHandler
                0x08000e28                OTG_HS_WKUP_IRQHandler
                0x08000e28                CAN2_SCE_IRQHandler
                0x08000e28                DMA2_Stream2_IRQHandler
                0x08000e28                SPI1_IRQHandler
                0x08000e28                TIM1_BRK_TIM9_IRQHandler
                0x08000e28                DCMI_IRQHandler
                0x08000e28                CAN2_RX0_IRQHandler
                0x08000e28                DMA2_Stream3_IRQHandler
                0x08000e28                SAI2_IRQHandler
                0x08000e28                USART6_IRQHandler
                0x08000e28                USART3_IRQHandler
                0x08000e28                CAN1_RX1_IRQHandler
                0x08000e28                UART5_IRQHandler
                0x08000e28                DMA2_Stream0_IRQHandler
                0x08000e28                TIM4_IRQHandler
                0x08000e28                QUADSPI_IRQHandler
                0x08000e28                I2C1_EV_IRQHandler
                0x08000e28                DMA1_Stream1_IRQHandler
                0x08000e28                UART4_IRQHandler
                0x08000e28                TIM3_IRQHandler
                0x08000e28                RCC_IRQHandler
                0x08000e28                TIM8_BRK_TIM12_IRQHandler
                0x08000e28                Default_Handler
                0x08000e28                CEC_IRQHandler
                0x08000e28                EXTI15_10_IRQHandler
                0x08000e28                ADC_IRQHandler
                0x08000e28                DMA1_Stream7_IRQHandler
                0x08000e28                CAN2_TX_IRQHandler
                0x08000e28                TIM5_IRQHandler
                0x08000e28                DMA2_Stream7_IRQHandler
                0x08000e28                I2C3_EV_IRQHandler
                0x08000e28                EXTI9_5_IRQHandler
                0x08000e28                RTC_WKUP_IRQHandler
                0x08000e28                SPDIF_RX_IRQHandler
                0x08000e28                SPI2_IRQHandler
                0x08000e28                OTG_HS_EP1_IN_IRQHandler
                0x08000e28                DMA1_Stream0_IRQHandler
                0x08000e28                CAN1_TX_IRQHandler
                0x08000e28                FMPI2C1_ER_IRQHandler
                0x08000e28                EXTI4_IRQHandler
                0x08000e28                OTG_HS_EP1_OUT_IRQHandler
                0x08000e28                WWDG_IRQHandler
                0x08000e28                TIM2_IRQHandler
                0x08000e28                OTG_FS_WKUP_IRQHandler
                0x08000e28                TIM1_TRG_COM_TIM11_IRQHandler
                0x08000e28                OTG_HS_IRQHandler
                0x08000e28                EXTI1_IRQHandler
                0x08000e28                I2C2_ER_IRQHandler
                0x08000e28                DMA2_Stream1_IRQHandler
                0x08000e28                CAN1_SCE_IRQHandler
                0x08000e28                FLASH_IRQHandler
                0x08000e28                DMA2_Stream4_IRQHandler
                0x08000e28                USART1_IRQHandler
                0x08000e28                OTG_FS_IRQHandler
                0x08000e28                SPI3_IRQHandler
                0x08000e28                DMA1_Stream4_IRQHandler
                0x08000e28                I2C1_ER_IRQHandler
                0x08000e28                FMC_IRQHandler
                0x08000e28                DMA2_Stream6_IRQHandler
                0x08000e28                SAI1_IRQHandler
                0x08000e28                DMA1_Stream3_IRQHandler
 *fill*         0x08000e2a        0x2 
 .text.HAL_Init
                0x08000e2c       0x44 ./Drivers/STM32F4xx_HAL_Driver/Src/stm32f4xx_hal.o
                0x08000e2c                HAL_Init
 .text.HAL_IncTick
                0x08000e70       0x28 ./Drivers/STM32F4xx_HAL_Driver/Src/stm32f4xx_hal.o
                0x08000e70                HAL_IncTick
 .text.HAL_GetTick
                0x08000e98       0x18 ./Drivers/STM32F4xx_HAL_Driver/Src/stm32f4xx_hal.o
                0x08000e98                HAL_GetTick
 .text.__NVIC_SetPriorityGrouping
                0x08000eb0       0x48 ./Drivers/STM32F4xx_HAL_Driver/Src/stm32f4xx_hal_cortex.o
 .text.__NVIC_GetPriorityGrouping
                0x08000ef8       0x1c ./Drivers/STM32F4xx_HAL_Driver/Src/stm32f4xx_hal_cortex.o
 .text.__NVIC_EnableIRQ
                0x08000f14       0x3c ./Drivers/STM32F4xx_HAL_Driver/Src/stm32f4xx_hal_cortex.o
 .text.__NVIC_SetPriority
                0x08000f50       0x54 ./Drivers/STM32F4xx_HAL_Driver/Src/stm32f4xx_hal_cortex.o
 .text.NVIC_EncodePriority
                0x08000fa4       0x66 ./Drivers/STM32F4xx_HAL_Driver/Src/stm32f4xx_hal_cortex.o
 .text.HAL_NVIC_SetPriorityGrouping
                0x0800100a       0x16 ./Drivers/STM32F4xx_HAL_Driver/Src/stm32f4xx_hal_cortex.o
                0x0800100a                HAL_NVIC_SetPriorityGrouping
 .text.HAL_NVIC_SetPriority
                0x08001020       0x38 ./Drivers/STM32F4xx_HAL_Driver/Src/stm32f4xx_hal_cortex.o
                0x08001020                HAL_NVIC_SetPriority
 .text.HAL_NVIC_EnableIRQ
                0x08001058       0x1c ./Drivers/STM32F4xx_HAL_Driver/Src/stm32f4xx_hal_cortex.o
                0x08001058                HAL_NVIC_EnableIRQ
 .text.HAL_DMA_Init
                0x08001074      0x15c ./Drivers/STM32F4xx_HAL_Driver/Src/stm32f4xx_hal_dma.o
                0x08001074                HAL_DMA_Init
 .text.HAL_DMA_Abort
                0x080011d0       0xe0 ./Drivers/STM32F4xx_HAL_Driver/Src/stm32f4xx_hal_dma.o
                0x080011d0                HAL_DMA_Abort
 .text.HAL_DMA_Abort_IT
                0x080012b0       0x44 ./Drivers/STM32F4xx_HAL_Driver/Src/stm32f4xx_hal_dma.o
                0x080012b0                HAL_DMA_Abort_IT
 .text.HAL_DMA_IRQHandler
                0x080012f4      0x314 ./Drivers/STM32F4xx_HAL_Driver/Src/stm32f4xx_hal_dma.o
                0x080012f4                HAL_DMA_IRQHandler
 .text.DMA_CalcBaseAndBitshift
                0x08001608       0x6c ./Drivers/STM32F4xx_HAL_Driver/Src/stm32f4xx_hal_dma.o
 .text.DMA_CheckFifoParam
                0x08001674       0xf8 ./Drivers/STM32F4xx_HAL_Driver/Src/stm32f4xx_hal_dma.o
 .text.HAL_GPIO_Init
                0x0800176c      0x328 ./Drivers/STM32F4xx_HAL_Driver/Src/stm32f4xx_hal_gpio.o
                0x0800176c                HAL_GPIO_Init
 .text.HAL_GPIO_WritePin
                0x08001a94       0x32 ./Drivers/STM32F4xx_HAL_Driver/Src/stm32f4xx_hal_gpio.o
                0x08001a94                HAL_GPIO_WritePin
 .text.HAL_GPIO_TogglePin
                0x08001ac6       0x34 ./Drivers/STM32F4xx_HAL_Driver/Src/stm32f4xx_hal_gpio.o
                0x08001ac6                HAL_GPIO_TogglePin
 *fill*         0x08001afa        0x2 
 .text.HAL_RCC_ClockConfig
                0x08001afc      0x1cc ./Drivers/STM32F4xx_HAL_Driver/Src/stm32f4xx_hal_rcc.o
                0x08001afc                HAL_RCC_ClockConfig
 .text.HAL_RCC_GetHCLKFreq
                0x08001cc8       0x18 ./Drivers/STM32F4xx_HAL_Driver/Src/stm32f4xx_hal_rcc.o
                0x08001cc8                HAL_RCC_GetHCLKFreq
 .text.HAL_RCC_GetPCLK1Freq
                0x08001ce0       0x28 ./Drivers/STM32F4xx_HAL_Driver/Src/stm32f4xx_hal_rcc.o
                0x08001ce0                HAL_RCC_GetPCLK1Freq
 .text.HAL_RCC_GetPCLK2Freq
                0x08001d08       0x28 ./Drivers/STM32F4xx_HAL_Driver/Src/stm32f4xx_hal_rcc.o
                0x08001d08                HAL_RCC_GetPCLK2Freq
 .text.HAL_RCC_GetClockConfig
                0x08001d30       0x64 ./Drivers/STM32F4xx_HAL_Driver/Src/stm32f4xx_hal_rcc.o
                0x08001d30                HAL_RCC_GetClockConfig
 .text.HAL_RCC_GetSysClockFreq
                0x08001d94      0x460 ./Drivers/STM32F4xx_HAL_Driver/Src/stm32f4xx_hal_rcc_ex.o
                0x08001d94                HAL_RCC_GetSysClockFreq
 .text.HAL_RCC_OscConfig
                0x080021f4      0x53c ./Drivers/STM32F4xx_HAL_Driver/Src/stm32f4xx_hal_rcc_ex.o
                0x080021f4                HAL_RCC_OscConfig
 .text.HAL_TIM_Base_Init
                0x08002730       0x9e ./Drivers/STM32F4xx_HAL_Driver/Src/stm32f4xx_hal_tim.o
                0x08002730                HAL_TIM_Base_Init
 *fill*         0x080027ce        0x2 
 .text.HAL_TIM_Base_Start_IT
                0x080027d0       0xe0 ./Drivers/STM32F4xx_HAL_Driver/Src/stm32f4xx_hal_tim.o
                0x080027d0                HAL_TIM_Base_Start_IT
 .text.HAL_TIM_IRQHandler
                0x080028b0      0x1e0 ./Drivers/STM32F4xx_HAL_Driver/Src/stm32f4xx_hal_tim.o
                0x080028b0                HAL_TIM_IRQHandler
 .text.HAL_TIM_OC_DelayElapsedCallback
                0x08002a90       0x14 ./Drivers/STM32F4xx_HAL_Driver/Src/stm32f4xx_hal_tim.o
                0x08002a90                HAL_TIM_OC_DelayElapsedCallback
 .text.HAL_TIM_IC_CaptureCallback
                0x08002aa4       0x14 ./Drivers/STM32F4xx_HAL_Driver/Src/stm32f4xx_hal_tim.o
                0x08002aa4                HAL_TIM_IC_CaptureCallback
 .text.HAL_TIM_PWM_PulseFinishedCallback
                0x08002ab8       0x14 ./Drivers/STM32F4xx_HAL_Driver/Src/stm32f4xx_hal_tim.o
                0x08002ab8                HAL_TIM_PWM_PulseFinishedCallback
 .text.HAL_TIM_TriggerCallback
                0x08002acc       0x14 ./Drivers/STM32F4xx_HAL_Driver/Src/stm32f4xx_hal_tim.o
                0x08002acc                HAL_TIM_TriggerCallback
 .text.TIM_Base_SetConfig
                0x08002ae0      0x14c ./Drivers/STM32F4xx_HAL_Driver/Src/stm32f4xx_hal_tim.o
                0x08002ae0                TIM_Base_SetConfig
 .text.HAL_TIMEx_MasterConfigSynchronization
                0x08002c2c       0xf8 ./Drivers/STM32F4xx_HAL_Driver/Src/stm32f4xx_hal_tim_ex.o
                0x08002c2c                HAL_TIMEx_MasterConfigSynchronization
 .text.HAL_TIMEx_CommutCallback
                0x08002d24       0x14 ./Drivers/STM32F4xx_HAL_Driver/Src/stm32f4xx_hal_tim_ex.o
                0x08002d24                HAL_TIMEx_CommutCallback
 .text.HAL_TIMEx_BreakCallback
                0x08002d38       0x14 ./Drivers/STM32F4xx_HAL_Driver/Src/stm32f4xx_hal_tim_ex.o
                0x08002d38                HAL_TIMEx_BreakCallback
 .text.HAL_UART_Init
                0x08002d4c       0xa0 ./Drivers/STM32F4xx_HAL_Driver/Src/stm32f4xx_hal_uart.o
                0x08002d4c                HAL_UART_Init
 .text.HAL_UART_IRQHandler
                0x08002dec      0x554 ./Drivers/STM32F4xx_HAL_Driver/Src/stm32f4xx_hal_uart.o
                0x08002dec                HAL_UART_IRQHandler
 .text.HAL_UART_TxCpltCallback
                0x08003340       0x14 ./Drivers/STM32F4xx_HAL_Driver/Src/stm32f4xx_hal_uart.o
                0x08003340                HAL_UART_TxCpltCallback
 .text.HAL_UART_RxCpltCallback
                0x08003354       0x14 ./Drivers/STM32F4xx_HAL_Driver/Src/stm32f4xx_hal_uart.o
                0x08003354                HAL_UART_RxCpltCallback
 .text.HAL_UART_ErrorCallback
                0x08003368       0x14 ./Drivers/STM32F4xx_HAL_Driver/Src/stm32f4xx_hal_uart.o
                0x08003368                HAL_UART_ErrorCallback
 .text.HAL_UARTEx_RxEventCallback
                0x0800337c       0x18 ./Drivers/STM32F4xx_HAL_Driver/Src/stm32f4xx_hal_uart.o
                0x0800337c                HAL_UARTEx_RxEventCallback
 .text.UART_EndRxTransfer
                0x08003394       0xc6 ./Drivers/STM32F4xx_HAL_Driver/Src/stm32f4xx_hal_uart.o
 .text.UART_DMAAbortOnError
                0x0800345a       0x22 ./Drivers/STM32F4xx_HAL_Driver/Src/stm32f4xx_hal_uart.o
 .text.UART_Transmit_IT
                0x0800347c       0xa0 ./Drivers/STM32F4xx_HAL_Driver/Src/stm32f4xx_hal_uart.o
 .text.UART_EndTransmit_IT
                0x0800351c       0x30 ./Drivers/STM32F4xx_HAL_Driver/Src/stm32f4xx_hal_uart.o
 .text.UART_Receive_IT
                0x0800354c      0x17c ./Drivers/STM32F4xx_HAL_Driver/Src/stm32f4xx_hal_uart.o
 .text.UART_SetConfig
                0x080036c8      0x4e8 ./Drivers/STM32F4xx_HAL_Driver/Src/stm32f4xx_hal_uart.o
 .text.vListInitialise
                0x08003bb0       0x40 ./Libs/FreeRTOS/Source/list.o
                0x08003bb0                vListInitialise
 .text.vListInitialiseItem
                0x08003bf0       0x1a ./Libs/FreeRTOS/Source/list.o
                0x08003bf0                vListInitialiseItem
 .text.vListInsert
                0x08003c0a       0x72 ./Libs/FreeRTOS/Source/list.o
                0x08003c0a                vListInsert
 .text.uxListRemove
                0x08003c7c       0x54 ./Libs/FreeRTOS/Source/list.o
                0x08003c7c                uxListRemove
 .text.xQueueGenericReset
                0x08003cd0      0x124 ./Libs/FreeRTOS/Source/queue.o
                0x08003cd0                xQueueGenericReset
 .text.xQueueGenericCreateStatic
                0x08003df4       0xc2 ./Libs/FreeRTOS/Source/queue.o
                0x08003df4                xQueueGenericCreateStatic
 .text.prvInitialiseNewQueue
                0x08003eb6       0x46 ./Libs/FreeRTOS/Source/queue.o
 .text.xQueueReceive
                0x08003efc      0x1c4 ./Libs/FreeRTOS/Source/queue.o
                0x08003efc                xQueueReceive
 .text.prvCopyDataFromQueue
                0x080040c0       0x4c ./Libs/FreeRTOS/Source/queue.o
 .text.prvUnlockQueue
                0x0800410c       0xa4 ./Libs/FreeRTOS/Source/queue.o
 .text.prvIsQueueEmpty
                0x080041b0       0x2c ./Libs/FreeRTOS/Source/queue.o
 .text.vQueueAddToRegistry
                0x080041dc       0xa0 ./Libs/FreeRTOS/Source/queue.o
                0x080041dc                vQueueAddToRegistry
 .text.vQueueWaitForMessageRestricted
                0x0800427c       0x68 ./Libs/FreeRTOS/Source/queue.o
                0x0800427c                vQueueWaitForMessageRestricted
 .text.prvCreateStaticTask
                0x080042e4       0xc2 ./Libs/FreeRTOS/Source/tasks.o
 .text.xTaskCreateStatic
                0x080043a6       0x48 ./Libs/FreeRTOS/Source/tasks.o
                0x080043a6                xTaskCreateStatic
 .text.prvCreateTask
                0x080043ee       0x80 ./Libs/FreeRTOS/Source/tasks.o
 .text.xTaskCreate
                0x0800446e       0x46 ./Libs/FreeRTOS/Source/tasks.o
                0x0800446e                xTaskCreate
 .text.prvInitialiseNewTask
                0x080044b4      0x14c ./Libs/FreeRTOS/Source/tasks.o
 .text.prvAddNewTaskToReadyList
                0x08004600      0x16c ./Libs/FreeRTOS/Source/tasks.o
 .text.vTaskDelay
                0x0800476c       0x6c ./Libs/FreeRTOS/Source/tasks.o
                0x0800476c                vTaskDelay
 .text.prvCreateIdleTasks
                0x080047d8       0xd0 ./Libs/FreeRTOS/Source/tasks.o
 .text.vTaskStartScheduler
                0x080048a8       0xc4 ./Libs/FreeRTOS/Source/tasks.o
                0x080048a8                vTaskStartScheduler
 .text.vTaskSuspendAll
                0x0800496c       0x1c ./Libs/FreeRTOS/Source/tasks.o
                0x0800496c                vTaskSuspendAll
 .text.xTaskResumeAll
                0x08004988      0x218 ./Libs/FreeRTOS/Source/tasks.o
                0x08004988                xTaskResumeAll
 .text.xTaskGetTickCount
                0x08004ba0       0x20 ./Libs/FreeRTOS/Source/tasks.o
                0x08004ba0                xTaskGetTickCount
 .text.xTaskGetTickCountFromISR
                0x08004bc0       0x24 ./Libs/FreeRTOS/Source/tasks.o
                0x08004bc0                xTaskGetTickCountFromISR
 .text.xTaskIncrementTick
                0x08004be4      0x23c ./Libs/FreeRTOS/Source/tasks.o
                0x08004be4                xTaskIncrementTick
 .text.vTaskSwitchContext
                0x08004e20       0xf0 ./Libs/FreeRTOS/Source/tasks.o
                0x08004e20                vTaskSwitchContext
 .text.vTaskPlaceOnEventList
                0x08004f10       0x4c ./Libs/FreeRTOS/Source/tasks.o
                0x08004f10                vTaskPlaceOnEventList
 .text.vTaskPlaceOnEventListRestricted
                0x08004f5c       0x8c ./Libs/FreeRTOS/Source/tasks.o
                0x08004f5c                vTaskPlaceOnEventListRestricted
 .text.xTaskRemoveFromEventList
                0x08004fe8      0x1b8 ./Libs/FreeRTOS/Source/tasks.o
                0x08004fe8                xTaskRemoveFromEventList
 .text.vTaskInternalSetTimeOutState
                0x080051a0       0x2c ./Libs/FreeRTOS/Source/tasks.o
                0x080051a0                vTaskInternalSetTimeOutState
 .text.xTaskCheckForTimeOut
                0x080051cc       0xd0 ./Libs/FreeRTOS/Source/tasks.o
                0x080051cc                xTaskCheckForTimeOut
 .text.vTaskMissedYield
                0x0800529c       0x18 ./Libs/FreeRTOS/Source/tasks.o
                0x0800529c                vTaskMissedYield
 .text.prvIdleTask
                0x080052b4       0x30 ./Libs/FreeRTOS/Source/tasks.o
 .text.prvInitialiseTaskLists
                0x080052e4       0x80 ./Libs/FreeRTOS/Source/tasks.o
 .text.prvCheckTasksWaitingTermination
                0x08005364       0x5c ./Libs/FreeRTOS/Source/tasks.o
 .text.prvTaskCheckFreeStackSpace
                0x080053c0       0x36 ./Libs/FreeRTOS/Source/tasks.o
 *fill*         0x080053f6        0x2 
 .text.uxTaskGetStackHighWaterMark
                0x080053f8       0x34 ./Libs/FreeRTOS/Source/tasks.o
                0x080053f8                uxTaskGetStackHighWaterMark
 .text.prvDeleteTCB
                0x0800542c       0x6a ./Libs/FreeRTOS/Source/tasks.o
 *fill*         0x08005496        0x2 
 .text.prvResetNextTaskUnblockTime
                0x08005498       0x38 ./Libs/FreeRTOS/Source/tasks.o
 .text.xTaskGetSchedulerState
                0x080054d0       0x3c ./Libs/FreeRTOS/Source/tasks.o
                0x080054d0                xTaskGetSchedulerState
 .text.prvAddCurrentTaskToDelayedList
                0x0800550c      0x11c ./Libs/FreeRTOS/Source/tasks.o
 .text.xTimerCreateTimerTask
                0x08005628       0x94 ./Libs/FreeRTOS/Source/timers.o
                0x08005628                xTimerCreateTimerTask
 .text.prvReloadTimer
                0x080056bc       0x42 ./Libs/FreeRTOS/Source/timers.o
 *fill*         0x080056fe        0x2 
 .text.prvProcessExpiredTimer
                0x08005700       0x60 ./Libs/FreeRTOS/Source/timers.o
 .text.prvTimerTask
                0x08005760       0x26 ./Libs/FreeRTOS/Source/timers.o
 *fill*         0x08005786        0x2 
 .text.prvProcessTimerOrBlockTask
                0x08005788       0x9c ./Libs/FreeRTOS/Source/timers.o
 .text.prvGetNextExpireTime
                0x08005824       0x48 ./Libs/FreeRTOS/Source/timers.o
 .text.prvSampleTimeNow
                0x0800586c       0x40 ./Libs/FreeRTOS/Source/timers.o
 .text.prvInsertTimerInActiveList
                0x080058ac       0x84 ./Libs/FreeRTOS/Source/timers.o
 .text.prvProcessReceivedCommands
                0x08005930      0x1c8 ./Libs/FreeRTOS/Source/timers.o
 .text.prvSwitchTimerLists
                0x08005af8       0x4c ./Libs/FreeRTOS/Source/timers.o
 .text.prvCheckForValidListAndQueue
                0x08005b44       0x80 ./Libs/FreeRTOS/Source/timers.o
 .text.pxPortInitialiseStack
                0x08005bc4       0x68 ./Libs/FreeRTOS/Source/portable/GCC/ARM_CM4F/port.o
                0x08005bc4                pxPortInitialiseStack
 .text.prvTaskExitError
                0x08005c2c       0x5c ./Libs/FreeRTOS/Source/portable/GCC/ARM_CM4F/port.o
 *fill*         0x08005c88        0x8 
 .text.SVC_Handler
                0x08005c90       0x28 ./Libs/FreeRTOS/Source/portable/GCC/ARM_CM4F/port.o
                0x08005c90                SVC_Handler
 .text.prvPortStartFirstTask
                0x08005cb8       0x2c ./Libs/FreeRTOS/Source/portable/GCC/ARM_CM4F/port.o
 .text.xPortStartScheduler
                0x08005ce4      0x1e0 ./Libs/FreeRTOS/Source/portable/GCC/ARM_CM4F/port.o
                0x08005ce4                xPortStartScheduler
 .text.vPortEnterCritical
                0x08005ec4       0x64 ./Libs/FreeRTOS/Source/portable/GCC/ARM_CM4F/port.o
                0x08005ec4                vPortEnterCritical
 .text.vPortExitCritical
                0x08005f28       0x54 ./Libs/FreeRTOS/Source/portable/GCC/ARM_CM4F/port.o
                0x08005f28                vPortExitCritical
 *fill*         0x08005f7c        0x4 
 .text.PendSV_Handler
                0x08005f80       0x68 ./Libs/FreeRTOS/Source/portable/GCC/ARM_CM4F/port.o
                0x08005f80                PendSV_Handler
 .text.xPortSysTickHandler
                0x08005fe8       0x54 ./Libs/FreeRTOS/Source/portable/GCC/ARM_CM4F/port.o
                0x08005fe8                xPortSysTickHandler
 .text.vPortSetupTimerInterrupt
                0x0800603c       0x48 ./Libs/FreeRTOS/Source/portable/GCC/ARM_CM4F/port.o
                0x0800603c                vPortSetupTimerInterrupt
 .text.vPortEnableVFP
                0x08006084       0x18 ./Libs/FreeRTOS/Source/portable/GCC/ARM_CM4F/port.o
 .text.vPortValidateInterruptPriority
                0x0800609c       0x84 ./Libs/FreeRTOS/Source/portable/GCC/ARM_CM4F/port.o
                0x0800609c                vPortValidateInterruptPriority
 .text.pvPortMalloc
                0x08006120      0x264 ./Libs/FreeRTOS/Source/portable/MemMang/heap_4.o
                0x08006120                pvPortMalloc
 .text.vPortFree
                0x08006384       0xec ./Libs/FreeRTOS/Source/portable/MemMang/heap_4.o
                0x08006384                vPortFree
 .text.prvHeapInit
                0x08006470       0xb4 ./Libs/FreeRTOS/Source/portable/MemMang/heap_4.o
 .text.prvInsertBlockIntoFreeList
                0x08006524       0xf4 ./Libs/FreeRTOS/Source/portable/MemMang/heap_4.o
 .text._DoInit  0x08006618       0xb4 ./Libs/SystemView/SEGGER/SEGGER_RTT.o
 .text.SEGGER_RTT_ReadNoLock
                0x080066cc      0x10c ./Libs/SystemView/SEGGER/SEGGER_RTT.o
                0x080066cc                SEGGER_RTT_ReadNoLock
 .text.SEGGER_RTT_AllocUpBuffer
                0x080067d8      0x108 ./Libs/SystemView/SEGGER/SEGGER_RTT.o
                0x080067d8                SEGGER_RTT_AllocUpBuffer
 .text.SEGGER_RTT_ConfigDownBuffer
                0x080068e0       0x98 ./Libs/SystemView/SEGGER/SEGGER_RTT.o
                0x080068e0                SEGGER_RTT_ConfigDownBuffer
 .text._EncodeStr
                0x08006978       0x9c ./Libs/SystemView/SEGGER/SEGGER_SYSVIEW.o
 .text._PreparePacket
                0x08006a14       0x18 ./Libs/SystemView/SEGGER/SEGGER_SYSVIEW.o
 .text._HandleIncomingPacket
                0x08006a2c       0xdc ./Libs/SystemView/SEGGER/SEGGER_SYSVIEW.o
 .text._TrySendOverflowPacket
                0x08006b08       0xe4 ./Libs/SystemView/SEGGER/SEGGER_SYSVIEW.o
 .text._SendPacket
                0x08006bec      0x2dc ./Libs/SystemView/SEGGER/SEGGER_SYSVIEW.o
 .text.SEGGER_SYSVIEW_Init
                0x08006ec8       0x88 ./Libs/SystemView/SEGGER/SEGGER_SYSVIEW.o
                0x08006ec8                SEGGER_SYSVIEW_Init
 .text.SEGGER_SYSVIEW_SetRAMBase
                0x08006f50       0x20 ./Libs/SystemView/SEGGER/SEGGER_SYSVIEW.o
                0x08006f50                SEGGER_SYSVIEW_SetRAMBase
 .text.SEGGER_SYSVIEW_RecordVoid
                0x08006f70       0x3c ./Libs/SystemView/SEGGER/SEGGER_SYSVIEW.o
                0x08006f70                SEGGER_SYSVIEW_RecordVoid
 .text.SEGGER_SYSVIEW_RecordU32
                0x08006fac       0x78 ./Libs/SystemView/SEGGER/SEGGER_SYSVIEW.o
                0x08006fac                SEGGER_SYSVIEW_RecordU32
 .text.SEGGER_SYSVIEW_RecordU32x2
                0x08007024       0xb4 ./Libs/SystemView/SEGGER/SEGGER_SYSVIEW.o
                0x08007024                SEGGER_SYSVIEW_RecordU32x2
 .text.SEGGER_SYSVIEW_Start
                0x080070d8      0x174 ./Libs/SystemView/SEGGER/SEGGER_SYSVIEW.o
                0x080070d8                SEGGER_SYSVIEW_Start
 .text.SEGGER_SYSVIEW_Stop
                0x0800724c       0x4c ./Libs/SystemView/SEGGER/SEGGER_SYSVIEW.o
                0x0800724c                SEGGER_SYSVIEW_Stop
 .text.SEGGER_SYSVIEW_GetSysDesc
                0x08007298      0x134 ./Libs/SystemView/SEGGER/SEGGER_SYSVIEW.o
                0x08007298                SEGGER_SYSVIEW_GetSysDesc
 .text.SEGGER_SYSVIEW_SendTaskInfo
                0x080073cc      0x1c8 ./Libs/SystemView/SEGGER/SEGGER_SYSVIEW.o
                0x080073cc                SEGGER_SYSVIEW_SendTaskInfo
 .text.SEGGER_SYSVIEW_SendTaskList
                0x08007594       0x28 ./Libs/SystemView/SEGGER/SEGGER_SYSVIEW.o
                0x08007594                SEGGER_SYSVIEW_SendTaskList
 .text.SEGGER_SYSVIEW_SendSysDesc
                0x080075bc       0x48 ./Libs/SystemView/SEGGER/SEGGER_SYSVIEW.o
                0x080075bc                SEGGER_SYSVIEW_SendSysDesc
 .text.SEGGER_SYSVIEW_RecordSystime
                0x08007604       0x64 ./Libs/SystemView/SEGGER/SEGGER_SYSVIEW.o
                0x08007604                SEGGER_SYSVIEW_RecordSystime
 .text.SEGGER_SYSVIEW_RecordEnterISR
                0x08007668       0x84 ./Libs/SystemView/SEGGER/SEGGER_SYSVIEW.o
                0x08007668                SEGGER_SYSVIEW_RecordEnterISR
 .text.SEGGER_SYSVIEW_RecordExitISR
                0x080076ec       0x38 ./Libs/SystemView/SEGGER/SEGGER_SYSVIEW.o
                0x080076ec                SEGGER_SYSVIEW_RecordExitISR
 .text.SEGGER_SYSVIEW_RecordExitISRToScheduler
                0x08007724       0x38 ./Libs/SystemView/SEGGER/SEGGER_SYSVIEW.o
                0x08007724                SEGGER_SYSVIEW_RecordExitISRToScheduler
 .text.SEGGER_SYSVIEW_OnIdle
                0x0800775c       0x38 ./Libs/SystemView/SEGGER/SEGGER_SYSVIEW.o
                0x0800775c                SEGGER_SYSVIEW_OnIdle
 .text.SEGGER_SYSVIEW_OnTaskCreate
                0x08007794       0x84 ./Libs/SystemView/SEGGER/SEGGER_SYSVIEW.o
                0x08007794                SEGGER_SYSVIEW_OnTaskCreate
 .text.SEGGER_SYSVIEW_OnTaskStartExec
                0x08007818       0x84 ./Libs/SystemView/SEGGER/SEGGER_SYSVIEW.o
                0x08007818                SEGGER_SYSVIEW_OnTaskStartExec
 .text.SEGGER_SYSVIEW_OnTaskStartReady
                0x0800789c       0x84 ./Libs/SystemView/SEGGER/SEGGER_SYSVIEW.o
                0x0800789c                SEGGER_SYSVIEW_OnTaskStartReady
 .text.SEGGER_SYSVIEW_OnTaskStopReady
                0x08007920       0xc0 ./Libs/SystemView/SEGGER/SEGGER_SYSVIEW.o
                0x08007920                SEGGER_SYSVIEW_OnTaskStopReady
 .text.SEGGER_SYSVIEW_SendModule
                0x080079e0      0x114 ./Libs/SystemView/SEGGER/SEGGER_SYSVIEW.o
                0x080079e0                SEGGER_SYSVIEW_SendModule
 .text.SEGGER_SYSVIEW_SendModuleDescription
                0x08007af4       0x3c ./Libs/SystemView/SEGGER/SEGGER_SYSVIEW.o
                0x08007af4                SEGGER_SYSVIEW_SendModuleDescription
 .text.SEGGER_SYSVIEW_SendNumModules
                0x08007b30       0x7c ./Libs/SystemView/SEGGER/SEGGER_SYSVIEW.o
                0x08007b30                SEGGER_SYSVIEW_SendNumModules
 .text.SEGGER_SYSVIEW_Warn
                0x08007bac       0xb8 ./Libs/SystemView/SEGGER/SEGGER_SYSVIEW.o
                0x08007bac                SEGGER_SYSVIEW_Warn
 .text._cbSendTaskList
                0x08007c64       0xbc ./Libs/SystemView/Sample/FreeRTOSV11/SEGGER_SYSVIEW_FreeRTOS.o
 .text._cbGetTime
                0x08007d20       0x86 ./Libs/SystemView/Sample/FreeRTOSV11/SEGGER_SYSVIEW_FreeRTOS.o
 *fill*         0x08007da6        0x2 
 .text.SYSVIEW_AddTask
                0x08007da8       0xd0 ./Libs/SystemView/Sample/FreeRTOSV11/SEGGER_SYSVIEW_FreeRTOS.o
                0x08007da8                SYSVIEW_AddTask
 .text.SYSVIEW_SendTaskInfo
                0x08007e78       0x42 ./Libs/SystemView/Sample/FreeRTOSV11/SEGGER_SYSVIEW_FreeRTOS.o
                0x08007e78                SYSVIEW_SendTaskInfo
 .text.memcmp   0x08007eba       0x20 C:/ST/STM32CubeIDE_1.19.0/STM32CubeIDE/plugins/com.st.stm32cube.ide.mcu.externaltools.gnu-tools-for-stm32.13.3.rel1.win32_1.0.0.202411081344/tools/bin/../lib/gcc/arm-none-eabi/13.3.1/../../../../arm-none-eabi/lib/thumb/v7e-m+fp/hard\libc_nano.a(libc_a-memcmp.o)
                0x08007eba                memcmp
 .text.memset   0x08007eda       0x10 C:/ST/STM32CubeIDE_1.19.0/STM32CubeIDE/plugins/com.st.stm32cube.ide.mcu.externaltools.gnu-tools-for-stm32.13.3.rel1.win32_1.0.0.202411081344/tools/bin/../lib/gcc/arm-none-eabi/13.3.1/../../../../arm-none-eabi/lib/thumb/v7e-m+fp/hard\libc_nano.a(libc_a-memset.o)
                0x08007eda                memset
 *fill*         0x08007eea        0x2 
 .text._reclaim_reent
                0x08007eec       0xbc C:/ST/STM32CubeIDE_1.19.0/STM32CubeIDE/plugins/com.st.stm32cube.ide.mcu.externaltools.gnu-tools-for-stm32.13.3.rel1.win32_1.0.0.202411081344/tools/bin/../lib/gcc/arm-none-eabi/13.3.1/../../../../arm-none-eabi/lib/thumb/v7e-m+fp/hard\libc_nano.a(libc_a-reent.o)
                0x08007eec                _reclaim_reent
 .text.__libc_init_array
                0x08007fa8       0x48 C:/ST/STM32CubeIDE_1.19.0/STM32CubeIDE/plugins/com.st.stm32cube.ide.mcu.externaltools.gnu-tools-for-stm32.13.3.rel1.win32_1.0.0.202411081344/tools/bin/../lib/gcc/arm-none-eabi/13.3.1/../../../../arm-none-eabi/lib/thumb/v7e-m+fp/hard\libc_nano.a(libc_a-init.o)
                0x08007fa8                __libc_init_array
 .text.__retarget_lock_acquire_recursive
                0x08007ff0        0x2 C:/ST/STM32CubeIDE_1.19.0/STM32CubeIDE/plugins/com.st.stm32cube.ide.mcu.externaltools.gnu-tools-for-stm32.13.3.rel1.win32_1.0.0.202411081344/tools/bin/../lib/gcc/arm-none-eabi/13.3.1/../../../../arm-none-eabi/lib/thumb/v7e-m+fp/hard\libc_nano.a(libc_a-lock.o)
                0x08007ff0                __retarget_lock_acquire_recursive
 .text.__retarget_lock_release_recursive
                0x08007ff2        0x2 C:/ST/STM32CubeIDE_1.19.0/STM32CubeIDE/plugins/com.st.stm32cube.ide.mcu.externaltools.gnu-tools-for-stm32.13.3.rel1.win32_1.0.0.202411081344/tools/bin/../lib/gcc/arm-none-eabi/13.3.1/../../../../arm-none-eabi/lib/thumb/v7e-m+fp/hard\libc_nano.a(libc_a-lock.o)
                0x08007ff2                __retarget_lock_release_recursive
 .text.memcpy   0x08007ff4       0x1c C:/ST/STM32CubeIDE_1.19.0/STM32CubeIDE/plugins/com.st.stm32cube.ide.mcu.externaltools.gnu-tools-for-stm32.13.3.rel1.win32_1.0.0.202411081344/tools/bin/../lib/gcc/arm-none-eabi/13.3.1/../../../../arm-none-eabi/lib/thumb/v7e-m+fp/hard\libc_nano.a(libc_a-memcpy-stub.o)
                0x08007ff4                memcpy
 .text._free_r  0x08008010       0x94 C:/ST/STM32CubeIDE_1.19.0/STM32CubeIDE/plugins/com.st.stm32cube.ide.mcu.externaltools.gnu-tools-for-stm32.13.3.rel1.win32_1.0.0.202411081344/tools/bin/../lib/gcc/arm-none-eabi/13.3.1/../../../../arm-none-eabi/lib/thumb/v7e-m+fp/hard\libc_nano.a(libc_a-freer.o)
                0x08008010                _free_r
 .text.__malloc_lock
                0x080080a4        0xc C:/ST/STM32CubeIDE_1.19.0/STM32CubeIDE/plugins/com.st.stm32cube.ide.mcu.externaltools.gnu-tools-for-stm32.13.3.rel1.win32_1.0.0.202411081344/tools/bin/../lib/gcc/arm-none-eabi/13.3.1/../../../../arm-none-eabi/lib/thumb/v7e-m+fp/hard\libc_nano.a(libc_a-mlock.o)
                0x080080a4                __malloc_lock
 .text.__malloc_unlock
                0x080080b0        0xc C:/ST/STM32CubeIDE_1.19.0/STM32CubeIDE/plugins/com.st.stm32cube.ide.mcu.externaltools.gnu-tools-for-stm32.13.3.rel1.win32_1.0.0.202411081344/tools/bin/../lib/gcc/arm-none-eabi/13.3.1/../../../../arm-none-eabi/lib/thumb/v7e-m+fp/hard\libc_nano.a(libc_a-mlock.o)
                0x080080b0                __malloc_unlock
 *(.glue_7)
 .glue_7        0x080080bc        0x0 linker stubs
 *(.glue_7t)
 .glue_7t       0x080080bc        0x0 linker stubs
 *(.eh_frame)
 .eh_frame      0x080080bc        0x0 C:/ST/STM32CubeIDE_1.19.0/STM32CubeIDE/plugins/com.st.stm32cube.ide.mcu.externaltools.gnu-tools-for-stm32.13.3.rel1.win32_1.0.0.202411081344/tools/bin/../lib/gcc/arm-none-eabi/13.3.1/thumb/v7e-m+fp/hard/crtbegin.o
 *(.init)
 .init          0x080080bc        0x4 C:/ST/STM32CubeIDE_1.19.0/STM32CubeIDE/plugins/com.st.stm32cube.ide.mcu.externaltools.gnu-tools-for-stm32.13.3.rel1.win32_1.0.0.202411081344/tools/bin/../lib/gcc/arm-none-eabi/13.3.1/thumb/v7e-m+fp/hard/crti.o
                0x080080bc                _init
 .init          0x080080c0        0x8 C:/ST/STM32CubeIDE_1.19.0/STM32CubeIDE/plugins/com.st.stm32cube.ide.mcu.externaltools.gnu-tools-for-stm32.13.3.rel1.win32_1.0.0.202411081344/tools/bin/../lib/gcc/arm-none-eabi/13.3.1/thumb/v7e-m+fp/hard/crtn.o
 *(.fini)
 .fini          0x080080c8        0x4 C:/ST/STM32CubeIDE_1.19.0/STM32CubeIDE/plugins/com.st.stm32cube.ide.mcu.externaltools.gnu-tools-for-stm32.13.3.rel1.win32_1.0.0.202411081344/tools/bin/../lib/gcc/arm-none-eabi/13.3.1/thumb/v7e-m+fp/hard/crti.o
                0x080080c8                _fini
 .fini          0x080080cc        0x8 C:/ST/STM32CubeIDE_1.19.0/STM32CubeIDE/plugins/com.st.stm32cube.ide.mcu.externaltools.gnu-tools-for-stm32.13.3.rel1.win32_1.0.0.202411081344/tools/bin/../lib/gcc/arm-none-eabi/13.3.1/thumb/v7e-m+fp/hard/crtn.o
                0x080080d4                        . = ALIGN (0x4)
                0x080080d4                        _etext = .

.vfp11_veneer   0x080080d4        0x0
 .vfp11_veneer  0x080080d4        0x0 linker stubs

.v4_bx          0x080080d4        0x0
 .v4_bx         0x080080d4        0x0 linker stubs

.iplt           0x080080d4        0x0
 .iplt          0x080080d4        0x0 C:/ST/STM32CubeIDE_1.19.0/STM32CubeIDE/plugins/com.st.stm32cube.ide.mcu.externaltools.gnu-tools-for-stm32.13.3.rel1.win32_1.0.0.202411081344/tools/bin/../lib/gcc/arm-none-eabi/13.3.1/thumb/v7e-m+fp/hard/crtbegin.o

.rodata         0x080080d4      0x134
                0x080080d4                        . = ALIGN (0x4)
 *(.rodata)
 .rodata        0x080080d4       0x4d ./Core/Modules/Segger/SEGGER_SYSVIEW_Config_FreeRTOS.o
 *fill*         0x08008121        0x3 
 .rodata        0x08008124        0x9 ./Core/Modules/led/led.o
 *fill*         0x0800812d        0x3 
 .rodata        0x08008130        0x5 ./Libs/FreeRTOS/Source/tasks.o
 *fill*         0x08008135        0x3 
 .rodata        0x08008138        0xd ./Libs/FreeRTOS/Source/timers.o
 *fill*         0x08008145        0x3 
 .rodata        0x08008148        0x9 ./Libs/SystemView/SEGGER/SEGGER_RTT.o
 *fill*         0x08008151        0x3 
 .rodata        0x08008154       0x10 ./Libs/SystemView/SEGGER/SEGGER_SYSVIEW.o
 .rodata        0x08008164       0x58 ./Libs/SystemView/Sample/FreeRTOSV11/SEGGER_SYSVIEW_FreeRTOS.o
 *(.rodata*)
 .rodata.AHBPrescTable
                0x080081bc       0x10 ./Core/Src/system_stm32f4xx.o
                0x080081bc                AHBPrescTable
 .rodata.APBPrescTable
                0x080081cc        0x8 ./Core/Src/system_stm32f4xx.o
                0x080081cc                APBPrescTable
 .rodata.flagBitshiftOffset.0
                0x080081d4        0x8 ./Drivers/STM32F4xx_HAL_Driver/Src/stm32f4xx_hal_dma.o
 .rodata.uxTopUsedPriority
                0x080081dc        0x4 ./Libs/FreeRTOS/Source/tasks.o
 .rodata._aInitStr.0
                0x080081e0       0x11 ./Libs/SystemView/SEGGER/SEGGER_RTT.o
 *fill*         0x080081f1        0x3 
 .rodata._abSync
                0x080081f4        0xa ./Libs/SystemView/SEGGER/SEGGER_SYSVIEW.o
 *fill*         0x080081fe        0x2 
 .rodata.SYSVIEW_X_OS_TraceAPI
                0x08008200        0x8 ./Libs/SystemView/Sample/FreeRTOSV11/SEGGER_SYSVIEW_FreeRTOS.o
                0x08008200                SYSVIEW_X_OS_TraceAPI
                0x08008208                        . = ALIGN (0x4)

.ARM.extab      0x08008208        0x0
                0x08008208                        . = ALIGN (0x4)
 *(.ARM.extab* .gnu.linkonce.armextab.*)
                0x08008208                        . = ALIGN (0x4)

.ARM            0x08008208        0x8
                0x08008208                        . = ALIGN (0x4)
                0x08008208                        __exidx_start = .
 *(.ARM.exidx*)
 .ARM.exidx     0x08008208        0x8 C:/ST/STM32CubeIDE_1.19.0/STM32CubeIDE/plugins/com.st.stm32cube.ide.mcu.externaltools.gnu-tools-for-stm32.13.3.rel1.win32_1.0.0.202411081344/tools/bin/../lib/gcc/arm-none-eabi/13.3.1/thumb/v7e-m+fp/hard\libgcc.a(_udivmoddi4.o)
                0x08008210                        __exidx_end = .
                0x08008210                        . = ALIGN (0x4)

.preinit_array  0x08008210        0x0
                0x08008210                        . = ALIGN (0x4)
                0x08008210                        PROVIDE (__preinit_array_start = .)
 *(.preinit_array*)
                0x08008210                        PROVIDE (__preinit_array_end = .)
                0x08008210                        . = ALIGN (0x4)

.init_array     0x08008210        0x4
                0x08008210                        . = ALIGN (0x4)
                0x08008210                        PROVIDE (__init_array_start = .)
 *(SORT_BY_NAME(.init_array.*))
 *(.init_array*)
 .init_array    0x08008210        0x4 C:/ST/STM32CubeIDE_1.19.0/STM32CubeIDE/plugins/com.st.stm32cube.ide.mcu.externaltools.gnu-tools-for-stm32.13.3.rel1.win32_1.0.0.202411081344/tools/bin/../lib/gcc/arm-none-eabi/13.3.1/thumb/v7e-m+fp/hard/crtbegin.o
                0x08008214                        PROVIDE (__init_array_end = .)
                0x08008214                        . = ALIGN (0x4)

.fini_array     0x08008214        0x4
                0x08008214                        . = ALIGN (0x4)
                [!provide]                        PROVIDE (__fini_array_start = .)
 *(SORT_BY_NAME(.fini_array.*))
 *(.fini_array*)
 .fini_array    0x08008214        0x4 C:/ST/STM32CubeIDE_1.19.0/STM32CubeIDE/plugins/com.st.stm32cube.ide.mcu.externaltools.gnu-tools-for-stm32.13.3.rel1.win32_1.0.0.202411081344/tools/bin/../lib/gcc/arm-none-eabi/13.3.1/thumb/v7e-m+fp/hard/crtbegin.o
                [!provide]                        PROVIDE (__fini_array_end = .)
                0x08008218                        . = ALIGN (0x4)
                0x08008218                        _sidata = LOADADDR (.data)

.rel.dyn        0x08008218        0x0
 .rel.iplt      0x08008218        0x0 C:/ST/STM32CubeIDE_1.19.0/STM32CubeIDE/plugins/com.st.stm32cube.ide.mcu.externaltools.gnu-tools-for-stm32.13.3.rel1.win32_1.0.0.202411081344/tools/bin/../lib/gcc/arm-none-eabi/13.3.1/thumb/v7e-m+fp/hard/crtbegin.o

.data           0x20000000       0x60 load address 0x08008218
                0x20000000                        . = ALIGN (0x4)
                0x20000000                        _sdata = .
 *(.data)
 *(.data*)
 .data.SystemCoreClock
                0x20000000        0x4 ./Core/Src/system_stm32f4xx.o
                0x20000000                SystemCoreClock
 .data.uwTickPrio
                0x20000004        0x4 ./Drivers/STM32F4xx_HAL_Driver/Src/stm32f4xx_hal.o
                0x20000004                uwTickPrio
 .data.uwTickFreq
                0x20000008        0x1 ./Drivers/STM32F4xx_HAL_Driver/Src/stm32f4xx_hal.o
                0x20000008                uwTickFreq
 *fill*         0x20000009        0x3 
 .data.uxCriticalNesting
                0x2000000c        0x4 ./Libs/FreeRTOS/Source/portable/GCC/ARM_CM4F/port.o
 .data._impure_ptr
                0x20000010        0x4 C:/ST/STM32CubeIDE_1.19.0/STM32CubeIDE/plugins/com.st.stm32cube.ide.mcu.externaltools.gnu-tools-for-stm32.13.3.rel1.win32_1.0.0.202411081344/tools/bin/../lib/gcc/arm-none-eabi/13.3.1/../../../../arm-none-eabi/lib/thumb/v7e-m+fp/hard\libc_nano.a(libc_a-impure.o)
                0x20000010                _impure_ptr
 .data._impure_data
                0x20000014       0x4c C:/ST/STM32CubeIDE_1.19.0/STM32CubeIDE/plugins/com.st.stm32cube.ide.mcu.externaltools.gnu-tools-for-stm32.13.3.rel1.win32_1.0.0.202411081344/tools/bin/../lib/gcc/arm-none-eabi/13.3.1/../../../../arm-none-eabi/lib/thumb/v7e-m+fp/hard\libc_nano.a(libc_a-impure.o)
                0x20000014                _impure_data
 *(.RamFunc)
 *(.RamFunc*)
                0x20000060                        . = ALIGN (0x4)
                0x20000060                        _edata = .

.igot.plt       0x20000060        0x0 load address 0x08008278
 .igot.plt      0x20000060        0x0 C:/ST/STM32CubeIDE_1.19.0/STM32CubeIDE/plugins/com.st.stm32cube.ide.mcu.externaltools.gnu-tools-for-stm32.13.3.rel1.win32_1.0.0.202411081344/tools/bin/../lib/gcc/arm-none-eabi/13.3.1/thumb/v7e-m+fp/hard/crtbegin.o
                0x20000060                        . = ALIGN (0x4)

.bss            0x20000060     0x62a4 load address 0x08008278
                0x20000060                        _sbss = .
                0x20000060                        __bss_start__ = _sbss
 *(.bss)
 .bss           0x20000060       0x1c C:/ST/STM32CubeIDE_1.19.0/STM32CubeIDE/plugins/com.st.stm32cube.ide.mcu.externaltools.gnu-tools-for-stm32.13.3.rel1.win32_1.0.0.202411081344/tools/bin/../lib/gcc/arm-none-eabi/13.3.1/thumb/v7e-m+fp/hard/crtbegin.o
 *(.bss*)
 .bss.xIdleTaskTCB.3
                0x2000007c       0xa8 ./Core/Modules/FreeRTOS/freertos.o
 .bss.uxIdleTaskStack.2
                0x20000124      0x200 ./Core/Modules/FreeRTOS/freertos.o
 .bss.xTimerTaskTCB.1
                0x20000324       0xa8 ./Core/Modules/FreeRTOS/freertos.o
 .bss.uxTimerTaskStack.0
                0x200003cc      0x400 ./Core/Modules/FreeRTOS/freertos.o
 .bss.xLedTaskHandle
                0x200007cc        0x4 ./Core/Modules/led/led.o
                0x200007cc                xLedTaskHandle
 .bss.htim6     0x200007d0       0x48 ./Core/Src/main.o
                0x200007d0                htim6
 .bss.huart2    0x20000818       0x48 ./Core/Src/main.o
                0x20000818                huart2
 .bss.hdma_usart2_rx
                0x20000860       0x60 ./Core/Src/main.o
                0x20000860                hdma_usart2_rx
 .bss.hdma_usart2_tx
                0x200008c0       0x60 ./Core/Src/main.o
                0x200008c0                hdma_usart2_tx
 .bss.htim7     0x20000920       0x48 ./Core/Src/stm32f4xx_hal_timebase_tim.o
                0x20000920                htim7
 .bss.uwTick    0x20000968        0x4 ./Drivers/STM32F4xx_HAL_Driver/Src/stm32f4xx_hal.o
                0x20000968                uwTick
 .bss.xQueueRegistry
                0x2000096c       0x40 ./Libs/FreeRTOS/Source/queue.o
                0x2000096c                xQueueRegistry
 .bss.pxCurrentTCB
                0x200009ac        0x4 ./Libs/FreeRTOS/Source/tasks.o
                0x200009ac                pxCurrentTCB
 .bss.pxReadyTasksLists
                0x200009b0      0x140 ./Libs/FreeRTOS/Source/tasks.o
 .bss.xDelayedTaskList1
                0x20000af0       0x14 ./Libs/FreeRTOS/Source/tasks.o
 .bss.xDelayedTaskList2
                0x20000b04       0x14 ./Libs/FreeRTOS/Source/tasks.o
 .bss.pxDelayedTaskList
                0x20000b18        0x4 ./Libs/FreeRTOS/Source/tasks.o
 .bss.pxOverflowDelayedTaskList
                0x20000b1c        0x4 ./Libs/FreeRTOS/Source/tasks.o
 .bss.xPendingReadyList
                0x20000b20       0x14 ./Libs/FreeRTOS/Source/tasks.o
 .bss.xTasksWaitingTermination
                0x20000b34       0x14 ./Libs/FreeRTOS/Source/tasks.o
 .bss.uxDeletedTasksWaitingCleanUp
                0x20000b48        0x4 ./Libs/FreeRTOS/Source/tasks.o
 .bss.xSuspendedTaskList
                0x20000b4c       0x14 ./Libs/FreeRTOS/Source/tasks.o
 .bss.uxCurrentNumberOfTasks
                0x20000b60        0x4 ./Libs/FreeRTOS/Source/tasks.o
 .bss.xTickCount
                0x20000b64        0x4 ./Libs/FreeRTOS/Source/tasks.o
 .bss.uxTopReadyPriority
                0x20000b68        0x4 ./Libs/FreeRTOS/Source/tasks.o
 .bss.xSchedulerRunning
                0x20000b6c        0x4 ./Libs/FreeRTOS/Source/tasks.o
 .bss.xPendedTicks
                0x20000b70        0x4 ./Libs/FreeRTOS/Source/tasks.o
 .bss.xYieldPendings
                0x20000b74        0x4 ./Libs/FreeRTOS/Source/tasks.o
 .bss.xNumOfOverflows
                0x20000b78        0x4 ./Libs/FreeRTOS/Source/tasks.o
 .bss.uxTaskNumber
                0x20000b7c        0x4 ./Libs/FreeRTOS/Source/tasks.o
 .bss.xNextTaskUnblockTime
                0x20000b80        0x4 ./Libs/FreeRTOS/Source/tasks.o
 .bss.xIdleTaskHandles
                0x20000b84        0x4 ./Libs/FreeRTOS/Source/tasks.o
 .bss.uxSchedulerSuspended
                0x20000b88        0x4 ./Libs/FreeRTOS/Source/tasks.o
 .bss.xActiveTimerList1
                0x20000b8c       0x14 ./Libs/FreeRTOS/Source/timers.o
 .bss.xActiveTimerList2
                0x20000ba0       0x14 ./Libs/FreeRTOS/Source/timers.o
 .bss.pxCurrentTimerList
                0x20000bb4        0x4 ./Libs/FreeRTOS/Source/timers.o
 .bss.pxOverflowTimerList
                0x20000bb8        0x4 ./Libs/FreeRTOS/Source/timers.o
 .bss.xTimerQueue
                0x20000bbc        0x4 ./Libs/FreeRTOS/Source/timers.o
 .bss.xTimerTaskHandle
                0x20000bc0        0x4 ./Libs/FreeRTOS/Source/timers.o
 .bss.xLastTime.2
                0x20000bc4        0x4 ./Libs/FreeRTOS/Source/timers.o
 .bss.ucStaticTimerQueueStorage.1
                0x20000bc8       0xa0 ./Libs/FreeRTOS/Source/timers.o
 .bss.xStaticTimerQueue.0
                0x20000c68       0x50 ./Libs/FreeRTOS/Source/timers.o
 .bss.ucMaxSysCallPriority
                0x20000cb8        0x1 ./Libs/FreeRTOS/Source/portable/GCC/ARM_CM4F/port.o
 *fill*         0x20000cb9        0x3 
 .bss.ulMaxPRIGROUPValue
                0x20000cbc        0x4 ./Libs/FreeRTOS/Source/portable/GCC/ARM_CM4F/port.o
 .bss.ucHeap    0x20000cc0     0x3c00 ./Libs/FreeRTOS/Source/portable/MemMang/heap_4.o
 .bss.xStart    0x200048c0        0x8 ./Libs/FreeRTOS/Source/portable/MemMang/heap_4.o
 .bss.pxEnd     0x200048c8        0x4 ./Libs/FreeRTOS/Source/portable/MemMang/heap_4.o
 .bss.xFreeBytesRemaining
                0x200048cc        0x4 ./Libs/FreeRTOS/Source/portable/MemMang/heap_4.o
 .bss.xMinimumEverFreeBytesRemaining
                0x200048d0        0x4 ./Libs/FreeRTOS/Source/portable/MemMang/heap_4.o
 .bss.xNumberOfSuccessfulAllocations
                0x200048d4        0x4 ./Libs/FreeRTOS/Source/portable/MemMang/heap_4.o
 .bss.xNumberOfSuccessfulFrees
                0x200048d8        0x4 ./Libs/FreeRTOS/Source/portable/MemMang/heap_4.o
 .bss._SEGGER_RTT
                0x200048dc       0xa8 ./Libs/SystemView/SEGGER/SEGGER_RTT.o
                0x200048dc                _SEGGER_RTT
 .bss._acUpBuffer
                0x20004984      0x400 ./Libs/SystemView/SEGGER/SEGGER_RTT.o
 .bss._acDownBuffer
                0x20004d84       0x10 ./Libs/SystemView/SEGGER/SEGGER_RTT.o
 .bss._UpBuffer
                0x20004d94     0x1000 ./Libs/SystemView/SEGGER/SEGGER_SYSVIEW.o
 .bss._DownBuffer
                0x20005d94        0x8 ./Libs/SystemView/SEGGER/SEGGER_SYSVIEW.o
 .bss._SYSVIEW_Globals
                0x20005d9c       0x28 ./Libs/SystemView/SEGGER/SEGGER_SYSVIEW.o
 .bss._pFirstModule
                0x20005dc4        0x4 ./Libs/SystemView/SEGGER/SEGGER_SYSVIEW.o
 .bss._NumModules
                0x20005dc8        0x1 ./Libs/SystemView/SEGGER/SEGGER_SYSVIEW.o
 *fill*         0x20005dc9        0x3 
 .bss._aPacket  0x20005dcc      0x263 ./Libs/SystemView/SEGGER/SEGGER_SYSVIEW.o
 *fill*         0x2000602f        0x1 
 .bss._aTasks   0x20006030      0x190 ./Libs/SystemView/Sample/FreeRTOSV11/SEGGER_SYSVIEW_FreeRTOS.o
 .bss._NumTasks
                0x200061c0        0x4 ./Libs/SystemView/Sample/FreeRTOSV11/SEGGER_SYSVIEW_FreeRTOS.o
 .bss.__sf      0x200061c4      0x138 C:/ST/STM32CubeIDE_1.19.0/STM32CubeIDE/plugins/com.st.stm32cube.ide.mcu.externaltools.gnu-tools-for-stm32.13.3.rel1.win32_1.0.0.202411081344/tools/bin/../lib/gcc/arm-none-eabi/13.3.1/../../../../arm-none-eabi/lib/thumb/v7e-m+fp/hard\libc_nano.a(libc_a-findfp.o)
                0x200061c4                __sf
 .bss.__lock___malloc_recursive_mutex
                0x200062fc        0x1 C:/ST/STM32CubeIDE_1.19.0/STM32CubeIDE/plugins/com.st.stm32cube.ide.mcu.externaltools.gnu-tools-for-stm32.13.3.rel1.win32_1.0.0.202411081344/tools/bin/../lib/gcc/arm-none-eabi/13.3.1/../../../../arm-none-eabi/lib/thumb/v7e-m+fp/hard\libc_nano.a(libc_a-lock.o)
                0x200062fc                __lock___malloc_recursive_mutex
 *fill*         0x200062fd        0x3 
 .bss.__malloc_free_list
                0x20006300        0x4 C:/ST/STM32CubeIDE_1.19.0/STM32CubeIDE/plugins/com.st.stm32cube.ide.mcu.externaltools.gnu-tools-for-stm32.13.3.rel1.win32_1.0.0.202411081344/tools/bin/../lib/gcc/arm-none-eabi/13.3.1/../../../../arm-none-eabi/lib/thumb/v7e-m+fp/hard\libc_nano.a(libc_a-mallocr.o)
                0x20006300                __malloc_free_list
 *(COMMON)
                0x20006304                        . = ALIGN (0x4)
                0x20006304                        _ebss = .
                0x20006304                        __bss_end__ = _ebss

._user_heap_stack
                0x20006304      0x604 load address 0x08008278
                0x20006308                        . = ALIGN (0x8)
 *fill*         0x20006304        0x4 
                [!provide]                        PROVIDE (end = .)
                0x20006308                        PROVIDE (_end = .)
                0x20006508                        . = (. + _Min_Heap_Size)
 *fill*         0x20006308      0x200 
                0x20006908                        . = (. + _Min_Stack_Size)
 *fill*         0x20006508      0x400 
                0x20006908                        . = ALIGN (0x8)

/DISCARD/
 libc.a(*)
 libm.a(*)
 libgcc.a(*)

.ARM.attributes
                0x00000000       0x30
 *(.ARM.attributes)
 .ARM.attributes
                0x00000000       0x22 C:/ST/STM32CubeIDE_1.19.0/STM32CubeIDE/plugins/com.st.stm32cube.ide.mcu.externaltools.gnu-tools-for-stm32.13.3.rel1.win32_1.0.0.202411081344/tools/bin/../lib/gcc/arm-none-eabi/13.3.1/thumb/v7e-m+fp/hard/crti.o
 .ARM.attributes
                0x00000022       0x34 C:/ST/STM32CubeIDE_1.19.0/STM32CubeIDE/plugins/com.st.stm32cube.ide.mcu.externaltools.gnu-tools-for-stm32.13.3.rel1.win32_1.0.0.202411081344/tools/bin/../lib/gcc/arm-none-eabi/13.3.1/thumb/v7e-m+fp/hard/crtbegin.o
 .ARM.attributes
                0x00000056       0x34 ./Core/Modules/FreeRTOS/freertos.o
 .ARM.attributes
                0x0000008a       0x34 ./Core/Modules/FreeRTOS/freertos_init.o
 .ARM.attributes
                0x000000be       0x34 ./Core/Modules/Segger/SEGGER_SYSVIEW_Config_FreeRTOS.o
 .ARM.attributes
                0x000000f2       0x34 ./Core/Modules/led/led.o
 .ARM.attributes
                0x00000126       0x34 ./Core/Src/main.o
 .ARM.attributes
                0x0000015a       0x34 ./Core/Src/stm32f4xx_hal_msp.o
 .ARM.attributes
                0x0000018e       0x34 ./Core/Src/stm32f4xx_hal_timebase_tim.o
 .ARM.attributes
                0x000001c2       0x34 ./Core/Src/stm32f4xx_it.o
 .ARM.attributes
                0x000001f6       0x34 ./Core/Src/system_stm32f4xx.o
 .ARM.attributes
                0x0000022a       0x21 ./Core/Startup/startup_stm32f446retx.o
 .ARM.attributes
                0x0000024b       0x34 ./Drivers/STM32F4xx_HAL_Driver/Src/stm32f4xx_hal.o
 .ARM.attributes
                0x0000027f       0x34 ./Drivers/STM32F4xx_HAL_Driver/Src/stm32f4xx_hal_cortex.o
 .ARM.attributes
                0x000002b3       0x34 ./Drivers/STM32F4xx_HAL_Driver/Src/stm32f4xx_hal_dma.o
 .ARM.attributes
                0x000002e7       0x34 ./Drivers/STM32F4xx_HAL_Driver/Src/stm32f4xx_hal_gpio.o
 .ARM.attributes
                0x0000031b       0x34 ./Drivers/STM32F4xx_HAL_Driver/Src/stm32f4xx_hal_rcc.o
 .ARM.attributes
                0x0000034f       0x34 ./Drivers/STM32F4xx_HAL_Driver/Src/stm32f4xx_hal_rcc_ex.o
 .ARM.attributes
                0x00000383       0x34 ./Drivers/STM32F4xx_HAL_Driver/Src/stm32f4xx_hal_tim.o
 .ARM.attributes
                0x000003b7       0x34 ./Drivers/STM32F4xx_HAL_Driver/Src/stm32f4xx_hal_tim_ex.o
 .ARM.attributes
                0x000003eb       0x34 ./Drivers/STM32F4xx_HAL_Driver/Src/stm32f4xx_hal_uart.o
 .ARM.attributes
                0x0000041f       0x34 ./Libs/FreeRTOS/Source/list.o
 .ARM.attributes
                0x00000453       0x34 ./Libs/FreeRTOS/Source/queue.o
 .ARM.attributes
                0x00000487       0x34 ./Libs/FreeRTOS/Source/tasks.o
 .ARM.attributes
                0x000004bb       0x34 ./Libs/FreeRTOS/Source/timers.o
 .ARM.attributes
                0x000004ef       0x34 ./Libs/FreeRTOS/Source/portable/GCC/ARM_CM4F/port.o
 .ARM.attributes
                0x00000523       0x34 ./Libs/FreeRTOS/Source/portable/MemMang/heap_4.o
 .ARM.attributes
                0x00000557       0x34 ./Libs/SystemView/SEGGER/SEGGER_RTT.o
 .ARM.attributes
                0x0000058b       0x20 ./Libs/SystemView/SEGGER/SEGGER_RTT_ASM_ARMv7M.o
 .ARM.attributes
                0x000005ab       0x34 ./Libs/SystemView/SEGGER/SEGGER_SYSVIEW.o
 .ARM.attributes
                0x000005df       0x34 ./Libs/SystemView/Sample/FreeRTOSV11/SEGGER_SYSVIEW_FreeRTOS.o
 .ARM.attributes
                0x00000613       0x34 C:/ST/STM32CubeIDE_1.19.0/STM32CubeIDE/plugins/com.st.stm32cube.ide.mcu.externaltools.gnu-tools-for-stm32.13.3.rel1.win32_1.0.0.202411081344/tools/bin/../lib/gcc/arm-none-eabi/13.3.1/../../../../arm-none-eabi/lib/thumb/v7e-m+fp/hard\libc_nano.a(libc_a-findfp.o)
 .ARM.attributes
                0x00000647       0x34 C:/ST/STM32CubeIDE_1.19.0/STM32CubeIDE/plugins/com.st.stm32cube.ide.mcu.externaltools.gnu-tools-for-stm32.13.3.rel1.win32_1.0.0.202411081344/tools/bin/../lib/gcc/arm-none-eabi/13.3.1/../../../../arm-none-eabi/lib/thumb/v7e-m+fp/hard\libc_nano.a(libc_a-memcmp.o)
 .ARM.attributes
                0x0000067b       0x34 C:/ST/STM32CubeIDE_1.19.0/STM32CubeIDE/plugins/com.st.stm32cube.ide.mcu.externaltools.gnu-tools-for-stm32.13.3.rel1.win32_1.0.0.202411081344/tools/bin/../lib/gcc/arm-none-eabi/13.3.1/../../../../arm-none-eabi/lib/thumb/v7e-m+fp/hard\libc_nano.a(libc_a-memset.o)
 .ARM.attributes
                0x000006af       0x34 C:/ST/STM32CubeIDE_1.19.0/STM32CubeIDE/plugins/com.st.stm32cube.ide.mcu.externaltools.gnu-tools-for-stm32.13.3.rel1.win32_1.0.0.202411081344/tools/bin/../lib/gcc/arm-none-eabi/13.3.1/../../../../arm-none-eabi/lib/thumb/v7e-m+fp/hard\libc_nano.a(libc_a-reent.o)
 .ARM.attributes
                0x000006e3       0x34 C:/ST/STM32CubeIDE_1.19.0/STM32CubeIDE/plugins/com.st.stm32cube.ide.mcu.externaltools.gnu-tools-for-stm32.13.3.rel1.win32_1.0.0.202411081344/tools/bin/../lib/gcc/arm-none-eabi/13.3.1/../../../../arm-none-eabi/lib/thumb/v7e-m+fp/hard\libc_nano.a(libc_a-impure.o)
 .ARM.attributes
                0x00000717       0x34 C:/ST/STM32CubeIDE_1.19.0/STM32CubeIDE/plugins/com.st.stm32cube.ide.mcu.externaltools.gnu-tools-for-stm32.13.3.rel1.win32_1.0.0.202411081344/tools/bin/../lib/gcc/arm-none-eabi/13.3.1/../../../../arm-none-eabi/lib/thumb/v7e-m+fp/hard\libc_nano.a(libc_a-init.o)
 .ARM.attributes
                0x0000074b       0x34 C:/ST/STM32CubeIDE_1.19.0/STM32CubeIDE/plugins/com.st.stm32cube.ide.mcu.externaltools.gnu-tools-for-stm32.13.3.rel1.win32_1.0.0.202411081344/tools/bin/../lib/gcc/arm-none-eabi/13.3.1/../../../../arm-none-eabi/lib/thumb/v7e-m+fp/hard\libc_nano.a(libc_a-lock.o)
 .ARM.attributes
                0x0000077f       0x34 C:/ST/STM32CubeIDE_1.19.0/STM32CubeIDE/plugins/com.st.stm32cube.ide.mcu.externaltools.gnu-tools-for-stm32.13.3.rel1.win32_1.0.0.202411081344/tools/bin/../lib/gcc/arm-none-eabi/13.3.1/../../../../arm-none-eabi/lib/thumb/v7e-m+fp/hard\libc_nano.a(libc_a-memcpy-stub.o)
 .ARM.attributes
                0x000007b3       0x34 C:/ST/STM32CubeIDE_1.19.0/STM32CubeIDE/plugins/com.st.stm32cube.ide.mcu.externaltools.gnu-tools-for-stm32.13.3.rel1.win32_1.0.0.202411081344/tools/bin/../lib/gcc/arm-none-eabi/13.3.1/../../../../arm-none-eabi/lib/thumb/v7e-m+fp/hard\libc_nano.a(libc_a-freer.o)
 .ARM.attributes
                0x000007e7       0x34 C:/ST/STM32CubeIDE_1.19.0/STM32CubeIDE/plugins/com.st.stm32cube.ide.mcu.externaltools.gnu-tools-for-stm32.13.3.rel1.win32_1.0.0.202411081344/tools/bin/../lib/gcc/arm-none-eabi/13.3.1/../../../../arm-none-eabi/lib/thumb/v7e-m+fp/hard\libc_nano.a(libc_a-mallocr.o)
 .ARM.attributes
                0x0000081b       0x34 C:/ST/STM32CubeIDE_1.19.0/STM32CubeIDE/plugins/com.st.stm32cube.ide.mcu.externaltools.gnu-tools-for-stm32.13.3.rel1.win32_1.0.0.202411081344/tools/bin/../lib/gcc/arm-none-eabi/13.3.1/../../../../arm-none-eabi/lib/thumb/v7e-m+fp/hard\libc_nano.a(libc_a-mlock.o)
 .ARM.attributes
                0x0000084f       0x22 C:/ST/STM32CubeIDE_1.19.0/STM32CubeIDE/plugins/com.st.stm32cube.ide.mcu.externaltools.gnu-tools-for-stm32.13.3.rel1.win32_1.0.0.202411081344/tools/bin/../lib/gcc/arm-none-eabi/13.3.1/thumb/v7e-m+fp/hard\libgcc.a(_aeabi_uldivmod.o)
 .ARM.attributes
                0x00000871       0x34 C:/ST/STM32CubeIDE_1.19.0/STM32CubeIDE/plugins/com.st.stm32cube.ide.mcu.externaltools.gnu-tools-for-stm32.13.3.rel1.win32_1.0.0.202411081344/tools/bin/../lib/gcc/arm-none-eabi/13.3.1/thumb/v7e-m+fp/hard\libgcc.a(_udivmoddi4.o)
 .ARM.attributes
                0x000008a5       0x22 C:/ST/STM32CubeIDE_1.19.0/STM32CubeIDE/plugins/com.st.stm32cube.ide.mcu.externaltools.gnu-tools-for-stm32.13.3.rel1.win32_1.0.0.202411081344/tools/bin/../lib/gcc/arm-none-eabi/13.3.1/thumb/v7e-m+fp/hard\libgcc.a(_dvmd_tls.o)
 .ARM.attributes
                0x000008c7       0x22 C:/ST/STM32CubeIDE_1.19.0/STM32CubeIDE/plugins/com.st.stm32cube.ide.mcu.externaltools.gnu-tools-for-stm32.13.3.rel1.win32_1.0.0.202411081344/tools/bin/../lib/gcc/arm-none-eabi/13.3.1/thumb/v7e-m+fp/hard/crtn.o
OUTPUT(FreeRTOS.elf elf32-littlearm)
LOAD linker stubs
LOAD C:/ST/STM32CubeIDE_1.19.0/STM32CubeIDE/plugins/com.st.stm32cube.ide.mcu.externaltools.gnu-tools-for-stm32.13.3.rel1.win32_1.0.0.202411081344/tools/bin/../lib/gcc/arm-none-eabi/13.3.1/../../../../arm-none-eabi/lib/thumb/v7e-m+fp/hard\libc.a
LOAD C:/ST/STM32CubeIDE_1.19.0/STM32CubeIDE/plugins/com.st.stm32cube.ide.mcu.externaltools.gnu-tools-for-stm32.13.3.rel1.win32_1.0.0.202411081344/tools/bin/../lib/gcc/arm-none-eabi/13.3.1/../../../../arm-none-eabi/lib/thumb/v7e-m+fp/hard\libm.a
LOAD C:/ST/STM32CubeIDE_1.19.0/STM32CubeIDE/plugins/com.st.stm32cube.ide.mcu.externaltools.gnu-tools-for-stm32.13.3.rel1.win32_1.0.0.202411081344/tools/bin/../lib/gcc/arm-none-eabi/13.3.1/thumb/v7e-m+fp/hard\libgcc.a

.debug_info     0x00000000    0x1d001
 .debug_info    0x00000000      0xc53 ./Core/Modules/FreeRTOS/freertos.o
 .debug_info    0x00000c53       0xa0 ./Core/Modules/FreeRTOS/freertos_init.o
 .debug_info    0x00000cf3      0x181 ./Core/Modules/Segger/SEGGER_SYSVIEW_Config_FreeRTOS.o
 .debug_info    0x00000e74      0x29d ./Core/Modules/led/led.o
 .debug_info    0x00001111     0x1319 ./Core/Src/main.o
 .debug_info    0x0000242a      0xff2 ./Core/Src/stm32f4xx_hal_msp.o
 .debug_info    0x0000341c      0xc44 ./Core/Src/stm32f4xx_hal_timebase_tim.o
 .debug_info    0x00004060      0xa21 ./Core/Src/stm32f4xx_it.o
 .debug_info    0x00004a81      0x54a ./Core/Src/system_stm32f4xx.o
 .debug_info    0x00004fcb       0x30 ./Core/Startup/startup_stm32f446retx.o
 .debug_info    0x00004ffb      0x99a ./Drivers/STM32F4xx_HAL_Driver/Src/stm32f4xx_hal.o
 .debug_info    0x00005995      0xdaa ./Drivers/STM32F4xx_HAL_Driver/Src/stm32f4xx_hal_cortex.o
 .debug_info    0x0000673f      0x8e7 ./Drivers/STM32F4xx_HAL_Driver/Src/stm32f4xx_hal_dma.o
 .debug_info    0x00007026      0x70b ./Drivers/STM32F4xx_HAL_Driver/Src/stm32f4xx_hal_gpio.o
 .debug_info    0x00007731      0x8ff ./Drivers/STM32F4xx_HAL_Driver/Src/stm32f4xx_hal_rcc.o
 .debug_info    0x00008030      0x960 ./Drivers/STM32F4xx_HAL_Driver/Src/stm32f4xx_hal_rcc_ex.o
 .debug_info    0x00008990     0x299d ./Drivers/STM32F4xx_HAL_Driver/Src/stm32f4xx_hal_tim.o
 .debug_info    0x0000b32d     0x14db ./Drivers/STM32F4xx_HAL_Driver/Src/stm32f4xx_hal_tim_ex.o
 .debug_info    0x0000c808     0x2f4f ./Drivers/STM32F4xx_HAL_Driver/Src/stm32f4xx_hal_uart.o
 .debug_info    0x0000f757      0x2b1 ./Libs/FreeRTOS/Source/list.o
 .debug_info    0x0000fa08     0x1d3a ./Libs/FreeRTOS/Source/queue.o
 .debug_info    0x00011742     0x33ea ./Libs/FreeRTOS/Source/tasks.o
 .debug_info    0x00014b2c     0x1cb0 ./Libs/FreeRTOS/Source/timers.o
 .debug_info    0x000167dc      0x5a3 ./Libs/FreeRTOS/Source/portable/GCC/ARM_CM4F/port.o
 .debug_info    0x00016d7f      0x5de ./Libs/FreeRTOS/Source/portable/MemMang/heap_4.o
 .debug_info    0x0001735d     0x14d5 ./Libs/SystemView/SEGGER/SEGGER_RTT.o
 .debug_info    0x00018832       0x25 ./Libs/SystemView/SEGGER/SEGGER_RTT_ASM_ARMv7M.o
 .debug_info    0x00018857     0x434b ./Libs/SystemView/SEGGER/SEGGER_SYSVIEW.o
 .debug_info    0x0001cba2      0x45f ./Libs/SystemView/Sample/FreeRTOSV11/SEGGER_SYSVIEW_FreeRTOS.o

.debug_abbrev   0x00000000     0x3de8
 .debug_abbrev  0x00000000      0x28f ./Core/Modules/FreeRTOS/freertos.o
 .debug_abbrev  0x0000028f       0x58 ./Core/Modules/FreeRTOS/freertos_init.o
 .debug_abbrev  0x000002e7       0xee ./Core/Modules/Segger/SEGGER_SYSVIEW_Config_FreeRTOS.o
 .debug_abbrev  0x000003d5      0x15e ./Core/Modules/led/led.o
 .debug_abbrev  0x00000533      0x31b ./Core/Src/main.o
 .debug_abbrev  0x0000084e      0x21f ./Core/Src/stm32f4xx_hal_msp.o
 .debug_abbrev  0x00000a6d      0x1f4 ./Core/Src/stm32f4xx_hal_timebase_tim.o
 .debug_abbrev  0x00000c61      0x1ee ./Core/Src/stm32f4xx_it.o
 .debug_abbrev  0x00000e4f      0x11a ./Core/Src/system_stm32f4xx.o
 .debug_abbrev  0x00000f69       0x24 ./Core/Startup/startup_stm32f446retx.o
 .debug_abbrev  0x00000f8d      0x214 ./Drivers/STM32F4xx_HAL_Driver/Src/stm32f4xx_hal.o
 .debug_abbrev  0x000011a1      0x31d ./Drivers/STM32F4xx_HAL_Driver/Src/stm32f4xx_hal_cortex.o
 .debug_abbrev  0x000014be      0x264 ./Drivers/STM32F4xx_HAL_Driver/Src/stm32f4xx_hal_dma.o
 .debug_abbrev  0x00001722      0x1d4 ./Drivers/STM32F4xx_HAL_Driver/Src/stm32f4xx_hal_gpio.o
 .debug_abbrev  0x000018f6      0x2b7 ./Drivers/STM32F4xx_HAL_Driver/Src/stm32f4xx_hal_rcc.o
 .debug_abbrev  0x00001bad      0x211 ./Drivers/STM32F4xx_HAL_Driver/Src/stm32f4xx_hal_rcc_ex.o
 .debug_abbrev  0x00001dbe      0x278 ./Drivers/STM32F4xx_HAL_Driver/Src/stm32f4xx_hal_tim.o
 .debug_abbrev  0x00002036      0x283 ./Drivers/STM32F4xx_HAL_Driver/Src/stm32f4xx_hal_tim_ex.o
 .debug_abbrev  0x000022b9      0x30e ./Drivers/STM32F4xx_HAL_Driver/Src/stm32f4xx_hal_uart.o
 .debug_abbrev  0x000025c7       0xee ./Libs/FreeRTOS/Source/list.o
 .debug_abbrev  0x000026b5      0x387 ./Libs/FreeRTOS/Source/queue.o
 .debug_abbrev  0x00002a3c      0x423 ./Libs/FreeRTOS/Source/tasks.o
 .debug_abbrev  0x00002e5f      0x383 ./Libs/FreeRTOS/Source/timers.o
 .debug_abbrev  0x000031e2      0x248 ./Libs/FreeRTOS/Source/portable/GCC/ARM_CM4F/port.o
 .debug_abbrev  0x0000342a      0x25a ./Libs/FreeRTOS/Source/portable/MemMang/heap_4.o
 .debug_abbrev  0x00003684      0x230 ./Libs/SystemView/SEGGER/SEGGER_RTT.o
 .debug_abbrev  0x000038b4       0x14 ./Libs/SystemView/SEGGER/SEGGER_RTT_ASM_ARMv7M.o
 .debug_abbrev  0x000038c8      0x340 ./Libs/SystemView/SEGGER/SEGGER_SYSVIEW.o
 .debug_abbrev  0x00003c08      0x1e0 ./Libs/SystemView/Sample/FreeRTOSV11/SEGGER_SYSVIEW_FreeRTOS.o

.debug_aranges  0x00000000     0x1828
 .debug_aranges
                0x00000000       0x48 ./Core/Modules/FreeRTOS/freertos.o
 .debug_aranges
                0x00000048       0x20 ./Core/Modules/FreeRTOS/freertos_init.o
 .debug_aranges
                0x00000068       0x28 ./Core/Modules/Segger/SEGGER_SYSVIEW_Config_FreeRTOS.o
 .debug_aranges
                0x00000090       0x28 ./Core/Modules/led/led.o
 .debug_aranges
                0x000000b8       0x58 ./Core/Src/main.o
 .debug_aranges
                0x00000110       0x40 ./Core/Src/stm32f4xx_hal_msp.o
 .debug_aranges
                0x00000150       0x30 ./Core/Src/stm32f4xx_hal_timebase_tim.o
 .debug_aranges
                0x00000180       0x78 ./Core/Src/stm32f4xx_it.o
 .debug_aranges
                0x000001f8       0x28 ./Core/Src/system_stm32f4xx.o
 .debug_aranges
                0x00000220       0x28 ./Core/Startup/startup_stm32f446retx.o
 .debug_aranges
                0x00000248       0xf0 ./Drivers/STM32F4xx_HAL_Driver/Src/stm32f4xx_hal.o
 .debug_aranges
                0x00000338      0x130 ./Drivers/STM32F4xx_HAL_Driver/Src/stm32f4xx_hal_cortex.o
 .debug_aranges
                0x00000468       0x90 ./Drivers/STM32F4xx_HAL_Driver/Src/stm32f4xx_hal_dma.o
 .debug_aranges
                0x000004f8       0x58 ./Drivers/STM32F4xx_HAL_Driver/Src/stm32f4xx_hal_gpio.o
 .debug_aranges
                0x00000550       0x88 ./Drivers/STM32F4xx_HAL_Driver/Src/stm32f4xx_hal_rcc.o
 .debug_aranges
                0x000005d8       0x78 ./Drivers/STM32F4xx_HAL_Driver/Src/stm32f4xx_hal_rcc_ex.o
 .debug_aranges
                0x00000650      0x3d0 ./Drivers/STM32F4xx_HAL_Driver/Src/stm32f4xx_hal_tim.o
 .debug_aranges
                0x00000a20      0x168 ./Drivers/STM32F4xx_HAL_Driver/Src/stm32f4xx_hal_tim_ex.o
 .debug_aranges
                0x00000b88      0x208 ./Drivers/STM32F4xx_HAL_Driver/Src/stm32f4xx_hal_uart.o
 .debug_aranges
                0x00000d90       0x40 ./Libs/FreeRTOS/Source/list.o
 .debug_aranges
                0x00000dd0      0x170 ./Libs/FreeRTOS/Source/queue.o
 .debug_aranges
                0x00000f40      0x248 ./Libs/FreeRTOS/Source/tasks.o
 .debug_aranges
                0x00001188      0x118 ./Libs/FreeRTOS/Source/timers.o
 .debug_aranges
                0x000012a0       0x80 ./Libs/FreeRTOS/Source/portable/GCC/ARM_CM4F/port.o
 .debug_aranges
                0x00001320       0x68 ./Libs/FreeRTOS/Source/portable/MemMang/heap_4.o
 .debug_aranges
                0x00001388      0x138 ./Libs/SystemView/SEGGER/SEGGER_RTT.o
 .debug_aranges
                0x000014c0       0x20 ./Libs/SystemView/SEGGER/SEGGER_RTT_ASM_ARMv7M.o
 .debug_aranges
                0x000014e0      0x300 ./Libs/SystemView/SEGGER/SEGGER_SYSVIEW.o
 .debug_aranges
                0x000017e0       0x48 ./Libs/SystemView/Sample/FreeRTOSV11/SEGGER_SYSVIEW_FreeRTOS.o

.debug_rnglists
                0x00000000     0x12c7
 .debug_rnglists
                0x00000000       0x31 ./Core/Modules/FreeRTOS/freertos.o
 .debug_rnglists
                0x00000031       0x13 ./Core/Modules/FreeRTOS/freertos_init.o
 .debug_rnglists
                0x00000044       0x19 ./Core/Modules/Segger/SEGGER_SYSVIEW_Config_FreeRTOS.o
 .debug_rnglists
                0x0000005d       0x19 ./Core/Modules/led/led.o
 .debug_rnglists
                0x00000076       0x3f ./Core/Src/main.o
 .debug_rnglists
                0x000000b5       0x2c ./Core/Src/stm32f4xx_hal_msp.o
 .debug_rnglists
                0x000000e1       0x20 ./Core/Src/stm32f4xx_hal_timebase_tim.o
 .debug_rnglists
                0x00000101       0x55 ./Core/Src/stm32f4xx_it.o
 .debug_rnglists
                0x00000156       0x1a ./Core/Src/system_stm32f4xx.o
 .debug_rnglists
                0x00000170       0x19 ./Core/Startup/startup_stm32f446retx.o
 .debug_rnglists
                0x00000189       0xaf ./Drivers/STM32F4xx_HAL_Driver/Src/stm32f4xx_hal.o
 .debug_rnglists
                0x00000238       0xe0 ./Drivers/STM32F4xx_HAL_Driver/Src/stm32f4xx_hal_cortex.o
 .debug_rnglists
                0x00000318       0x70 ./Drivers/STM32F4xx_HAL_Driver/Src/stm32f4xx_hal_dma.o
 .debug_rnglists
                0x00000388       0x3f ./Drivers/STM32F4xx_HAL_Driver/Src/stm32f4xx_hal_gpio.o
 .debug_rnglists
                0x000003c7       0x66 ./Drivers/STM32F4xx_HAL_Driver/Src/stm32f4xx_hal_rcc.o
 .debug_rnglists
                0x0000042d       0x5e ./Drivers/STM32F4xx_HAL_Driver/Src/stm32f4xx_hal_rcc_ex.o
 .debug_rnglists
                0x0000048b      0x31a ./Drivers/STM32F4xx_HAL_Driver/Src/stm32f4xx_hal_tim.o
 .debug_rnglists
                0x000007a5      0x125 ./Drivers/STM32F4xx_HAL_Driver/Src/stm32f4xx_hal_tim_ex.o
 .debug_rnglists
                0x000008ca      0x1bc ./Drivers/STM32F4xx_HAL_Driver/Src/stm32f4xx_hal_uart.o
 .debug_rnglists
                0x00000a86       0x2b ./Libs/FreeRTOS/Source/list.o
 .debug_rnglists
                0x00000ab1      0x11e ./Libs/FreeRTOS/Source/queue.o
 .debug_rnglists
                0x00000bcf      0x1e4 ./Libs/FreeRTOS/Source/tasks.o
 .debug_rnglists
                0x00000db3       0xd5 ./Libs/FreeRTOS/Source/timers.o
 .debug_rnglists
                0x00000e88       0x5d ./Libs/FreeRTOS/Source/portable/GCC/ARM_CM4F/port.o
 .debug_rnglists
                0x00000ee5       0x4e ./Libs/FreeRTOS/Source/portable/MemMang/heap_4.o
 .debug_rnglists
                0x00000f33       0xf5 ./Libs/SystemView/SEGGER/SEGGER_RTT.o
 .debug_rnglists
                0x00001028      0x269 ./Libs/SystemView/SEGGER/SEGGER_SYSVIEW.o
 .debug_rnglists
                0x00001291       0x36 ./Libs/SystemView/Sample/FreeRTOSV11/SEGGER_SYSVIEW_FreeRTOS.o

.debug_macro    0x00000000    0x26dfb
 .debug_macro   0x00000000      0x379 ./Core/Modules/FreeRTOS/freertos.o
 .debug_macro   0x00000379      0xad8 ./Core/Modules/FreeRTOS/freertos.o
 .debug_macro   0x00000e51      0x190 ./Core/Modules/FreeRTOS/freertos.o
 .debug_macro   0x00000fe1       0x22 ./Core/Modules/FreeRTOS/freertos.o
 .debug_macro   0x00001003       0x8e ./Core/Modules/FreeRTOS/freertos.o
 .debug_macro   0x00001091       0x51 ./Core/Modules/FreeRTOS/freertos.o
 .debug_macro   0x000010e2      0x103 ./Core/Modules/FreeRTOS/freertos.o
 .debug_macro   0x000011e5       0x6a ./Core/Modules/FreeRTOS/freertos.o
 .debug_macro   0x0000124f      0x1df ./Core/Modules/FreeRTOS/freertos.o
 .debug_macro   0x0000142e       0x16 ./Core/Modules/FreeRTOS/freertos.o
 .debug_macro   0x00001444      0x138 ./Core/Modules/FreeRTOS/freertos.o
 .debug_macro   0x0000157c       0x58 ./Core/Modules/FreeRTOS/freertos.o
 .debug_macro   0x000015d4       0x46 ./Core/Modules/FreeRTOS/freertos.o
 .debug_macro   0x0000161a       0x64 ./Core/Modules/FreeRTOS/freertos.o
 .debug_macro   0x0000167e       0x22 ./Core/Modules/FreeRTOS/freertos.o
 .debug_macro   0x000016a0       0x3d ./Core/Modules/FreeRTOS/freertos.o
 .debug_macro   0x000016dd       0xc3 ./Core/Modules/FreeRTOS/freertos.o
 .debug_macro   0x000017a0      0x234 ./Core/Modules/FreeRTOS/freertos.o
 .debug_macro   0x000019d4      0xa65 ./Core/Modules/FreeRTOS/freertos.o
 .debug_macro   0x00002439       0x58 ./Core/Modules/FreeRTOS/freertos.o
 .debug_macro   0x00002491       0x22 ./Core/Modules/FreeRTOS/freertos.o
 .debug_macro   0x000024b3      0x182 ./Core/Modules/FreeRTOS/freertos.o
 .debug_macro   0x00002635       0xe7 ./Core/Modules/FreeRTOS/freertos.o
 .debug_macro   0x0000271c       0x2e ./Core/Modules/FreeRTOS/freertos.o
 .debug_macro   0x0000274a       0x1f ./Core/Modules/FreeRTOS/freertos.o
 .debug_macro   0x00002769       0x12 ./Core/Modules/FreeRTOS/freertos.o
 .debug_macro   0x0000277b       0x61 ./Core/Modules/FreeRTOS/freertos.o
 .debug_macro   0x000027dc       0x2a ./Core/Modules/FreeRTOS/freertos.o
 .debug_macro   0x00002806       0x43 ./Core/Modules/FreeRTOS/freertos.o
 .debug_macro   0x00002849       0x34 ./Core/Modules/FreeRTOS/freertos.o
 .debug_macro   0x0000287d      0x370 ./Core/Modules/FreeRTOS/freertos.o
 .debug_macro   0x00002bed       0x16 ./Core/Modules/FreeRTOS/freertos.o
 .debug_macro   0x00002c03       0x4a ./Core/Modules/FreeRTOS/freertos.o
 .debug_macro   0x00002c4d       0x34 ./Core/Modules/FreeRTOS/freertos.o
 .debug_macro   0x00002c81       0x10 ./Core/Modules/FreeRTOS/freertos.o
 .debug_macro   0x00002c91       0x58 ./Core/Modules/FreeRTOS/freertos.o
 .debug_macro   0x00002ce9       0x8e ./Core/Modules/FreeRTOS/freertos.o
 .debug_macro   0x00002d77       0x1c ./Core/Modules/FreeRTOS/freertos.o
 .debug_macro   0x00002d93      0x185 ./Core/Modules/FreeRTOS/freertos.o
 .debug_macro   0x00002f18       0x10 ./Core/Modules/FreeRTOS/freertos.o
 .debug_macro   0x00002f28       0x3c ./Core/Modules/FreeRTOS/freertos.o
 .debug_macro   0x00002f64       0x22 ./Core/Modules/FreeRTOS/freertos.o
 .debug_macro   0x00002f86     0x105d ./Core/Modules/FreeRTOS/freertos.o
 .debug_macro   0x00003fe3       0xc3 ./Core/Modules/FreeRTOS/freertos.o
 .debug_macro   0x000040a6      0x14f ./Core/Modules/FreeRTOS/freertos.o
 .debug_macro   0x000041f5      0x29b ./Core/Modules/FreeRTOS/freertos.o
 .debug_macro   0x00004490       0x2e ./Core/Modules/FreeRTOS/freertos.o
 .debug_macro   0x000044be       0x28 ./Core/Modules/FreeRTOS/freertos.o
 .debug_macro   0x000044e6       0x1c ./Core/Modules/FreeRTOS/freertos.o
 .debug_macro   0x00004502       0x22 ./Core/Modules/FreeRTOS/freertos.o
 .debug_macro   0x00004524       0xfb ./Core/Modules/FreeRTOS/freertos.o
 .debug_macro   0x0000461f     0x1011 ./Core/Modules/FreeRTOS/freertos.o
 .debug_macro   0x00005630      0x11f ./Core/Modules/FreeRTOS/freertos.o
 .debug_macro   0x0000574f    0x1675e ./Core/Modules/FreeRTOS/freertos.o
 .debug_macro   0x0001bead       0x6d ./Core/Modules/FreeRTOS/freertos.o
 .debug_macro   0x0001bf1a     0x3693 ./Core/Modules/FreeRTOS/freertos.o
 .debug_macro   0x0001f5ad       0x56 ./Core/Modules/FreeRTOS/freertos.o
 .debug_macro   0x0001f603      0xca5 ./Core/Modules/FreeRTOS/freertos.o
 .debug_macro   0x000202a8      0x9e9 ./Core/Modules/FreeRTOS/freertos.o
 .debug_macro   0x00020c91      0x115 ./Core/Modules/FreeRTOS/freertos.o
 .debug_macro   0x00020da6      0x1a0 ./Core/Modules/FreeRTOS/freertos.o
 .debug_macro   0x00020f46       0xa5 ./Core/Modules/FreeRTOS/freertos.o
 .debug_macro   0x00020feb      0x16d ./Core/Modules/FreeRTOS/freertos.o
 .debug_macro   0x00021158      0x287 ./Core/Modules/FreeRTOS/freertos.o
 .debug_macro   0x000213df       0x5f ./Core/Modules/FreeRTOS/freertos.o
 .debug_macro   0x0002143e      0x236 ./Core/Modules/FreeRTOS/freertos.o
 .debug_macro   0x00021674      0x132 ./Core/Modules/FreeRTOS/freertos.o
 .debug_macro   0x000217a6      0x29c ./Core/Modules/FreeRTOS/freertos.o
 .debug_macro   0x00021a42       0x2e ./Core/Modules/FreeRTOS/freertos.o
 .debug_macro   0x00021a70      0x127 ./Core/Modules/FreeRTOS/freertos.o
 .debug_macro   0x00021b97       0xe8 ./Core/Modules/FreeRTOS/freertos.o
 .debug_macro   0x00021c7f       0x89 ./Core/Modules/FreeRTOS/freertos.o
 .debug_macro   0x00021d08      0x8ed ./Core/Modules/FreeRTOS/freertos.o
 .debug_macro   0x000225f5       0x53 ./Core/Modules/FreeRTOS/freertos.o
 .debug_macro   0x00022648      0x2aa ./Core/Modules/FreeRTOS/freertos.o
 .debug_macro   0x000228f2      0x126 ./Core/Modules/FreeRTOS/freertos.o
 .debug_macro   0x00022a18       0x58 ./Core/Modules/FreeRTOS/freertos.o
 .debug_macro   0x00022a70      0x38d ./Core/Modules/FreeRTOS/freertos_init.o
 .debug_macro   0x00022dfd       0x5c ./Core/Modules/FreeRTOS/freertos_init.o
 .debug_macro   0x00022e59       0x58 ./Core/Modules/FreeRTOS/freertos_init.o
 .debug_macro   0x00022eb1      0x216 ./Core/Modules/Segger/SEGGER_SYSVIEW_Config_FreeRTOS.o
 .debug_macro   0x000230c7      0x379 ./Core/Modules/led/led.o
 .debug_macro   0x00023440      0x387 ./Core/Src/main.o
 .debug_macro   0x000237c7      0x1dd ./Core/Src/stm32f4xx_hal_msp.o
 .debug_macro   0x000239a4      0x1ce ./Core/Src/stm32f4xx_hal_timebase_tim.o
 .debug_macro   0x00023b72      0x383 ./Core/Src/stm32f4xx_it.o
 .debug_macro   0x00023ef5      0x1ce ./Core/Src/system_stm32f4xx.o
 .debug_macro   0x000240c3      0x22e ./Drivers/STM32F4xx_HAL_Driver/Src/stm32f4xx_hal.o
 .debug_macro   0x000242f1      0x1ce ./Drivers/STM32F4xx_HAL_Driver/Src/stm32f4xx_hal_cortex.o
 .debug_macro   0x000244bf      0x1d4 ./Drivers/STM32F4xx_HAL_Driver/Src/stm32f4xx_hal_dma.o
 .debug_macro   0x00024693      0x1d4 ./Drivers/STM32F4xx_HAL_Driver/Src/stm32f4xx_hal_gpio.o
 .debug_macro   0x00024867      0x1f2 ./Drivers/STM32F4xx_HAL_Driver/Src/stm32f4xx_hal_rcc.o
 .debug_macro   0x00024a59      0x1ce ./Drivers/STM32F4xx_HAL_Driver/Src/stm32f4xx_hal_rcc_ex.o
 .debug_macro   0x00024c27      0x1cf ./Drivers/STM32F4xx_HAL_Driver/Src/stm32f4xx_hal_tim.o
 .debug_macro   0x00024df6      0x1ce ./Drivers/STM32F4xx_HAL_Driver/Src/stm32f4xx_hal_tim_ex.o
 .debug_macro   0x00024fc4      0x1cf ./Drivers/STM32F4xx_HAL_Driver/Src/stm32f4xx_hal_uart.o
 .debug_macro   0x00025193      0x229 ./Libs/FreeRTOS/Source/list.o
 .debug_macro   0x000253bc      0x2c0 ./Libs/FreeRTOS/Source/queue.o
 .debug_macro   0x0002567c       0x16 ./Libs/FreeRTOS/Source/queue.o
 .debug_macro   0x00025692       0x20 ./Libs/FreeRTOS/Source/queue.o
 .debug_macro   0x000256b2       0x8e ./Libs/FreeRTOS/Source/queue.o
 .debug_macro   0x00025740      0x346 ./Libs/FreeRTOS/Source/tasks.o
 .debug_macro   0x00025a86       0x17 ./Libs/FreeRTOS/Source/tasks.o
 .debug_macro   0x00025a9d      0x278 ./Libs/FreeRTOS/Source/timers.o
 .debug_macro   0x00025d15       0x9e ./Libs/FreeRTOS/Source/timers.o
 .debug_macro   0x00025db3      0x2f4 ./Libs/FreeRTOS/Source/portable/GCC/ARM_CM4F/port.o
 .debug_macro   0x000260a7      0x2be ./Libs/FreeRTOS/Source/portable/MemMang/heap_4.o
 .debug_macro   0x00026365      0x1e8 ./Libs/SystemView/SEGGER/SEGGER_RTT.o
 .debug_macro   0x0002654d       0x49 ./Libs/SystemView/SEGGER/SEGGER_RTT.o
 .debug_macro   0x00026596       0x35 ./Libs/SystemView/SEGGER/SEGGER_RTT.o
 .debug_macro   0x000265cb      0x138 ./Libs/SystemView/SEGGER/SEGGER_RTT.o
 .debug_macro   0x00026703      0x251 ./Libs/SystemView/SEGGER/SEGGER_SYSVIEW.o
 .debug_macro   0x00026954      0x234 ./Libs/SystemView/SEGGER/SEGGER_SYSVIEW.o
 .debug_macro   0x00026b88       0x3b ./Libs/SystemView/SEGGER/SEGGER_SYSVIEW.o
 .debug_macro   0x00026bc3      0x238 ./Libs/SystemView/Sample/FreeRTOSV11/SEGGER_SYSVIEW_FreeRTOS.o

.debug_line     0x00000000    0x1d713
 .debug_line    0x00000000      0xc0c ./Core/Modules/FreeRTOS/freertos.o
 .debug_line    0x00000c0c      0xbb9 ./Core/Modules/FreeRTOS/freertos_init.o
 .debug_line    0x000017c5      0x85a ./Core/Modules/Segger/SEGGER_SYSVIEW_Config_FreeRTOS.o
 .debug_line    0x0000201f      0xb66 ./Core/Modules/led/led.o
 .debug_line    0x00002b85      0xd1c ./Core/Src/main.o
 .debug_line    0x000038a1      0x829 ./Core/Src/stm32f4xx_hal_msp.o
 .debug_line    0x000040ca      0x7c4 ./Core/Src/stm32f4xx_hal_timebase_tim.o
 .debug_line    0x0000488e      0xc5e ./Core/Src/stm32f4xx_it.o
 .debug_line    0x000054ec      0x7bc ./Core/Src/system_stm32f4xx.o
 .debug_line    0x00005ca8       0x7a ./Core/Startup/startup_stm32f446retx.o
 .debug_line    0x00005d22      0xa38 ./Drivers/STM32F4xx_HAL_Driver/Src/stm32f4xx_hal.o
 .debug_line    0x0000675a      0xd08 ./Drivers/STM32F4xx_HAL_Driver/Src/stm32f4xx_hal_cortex.o
 .debug_line    0x00007462      0xfa4 ./Drivers/STM32F4xx_HAL_Driver/Src/stm32f4xx_hal_dma.o
 .debug_line    0x00008406      0xb7c ./Drivers/STM32F4xx_HAL_Driver/Src/stm32f4xx_hal_gpio.o
 .debug_line    0x00008f82      0xe53 ./Drivers/STM32F4xx_HAL_Driver/Src/stm32f4xx_hal_rcc.o
 .debug_line    0x00009dd5     0x1504 ./Drivers/STM32F4xx_HAL_Driver/Src/stm32f4xx_hal_rcc_ex.o
 .debug_line    0x0000b2d9     0x37ad ./Drivers/STM32F4xx_HAL_Driver/Src/stm32f4xx_hal_tim.o
 .debug_line    0x0000ea86     0x1998 ./Drivers/STM32F4xx_HAL_Driver/Src/stm32f4xx_hal_tim_ex.o
 .debug_line    0x0001041e     0x2580 ./Drivers/STM32F4xx_HAL_Driver/Src/stm32f4xx_hal_uart.o
 .debug_line    0x0001299e      0x963 ./Libs/FreeRTOS/Source/list.o
 .debug_line    0x00013301     0x1a23 ./Libs/FreeRTOS/Source/queue.o
 .debug_line    0x00014d24     0x238d ./Libs/FreeRTOS/Source/tasks.o
 .debug_line    0x000170b1     0x1061 ./Libs/FreeRTOS/Source/timers.o
 .debug_line    0x00018112      0xbaa ./Libs/FreeRTOS/Source/portable/GCC/ARM_CM4F/port.o
 .debug_line    0x00018cbc      0xcec ./Libs/FreeRTOS/Source/portable/MemMang/heap_4.o
 .debug_line    0x000199a8      0xf61 ./Libs/SystemView/SEGGER/SEGGER_RTT.o
 .debug_line    0x0001a909       0x86 ./Libs/SystemView/SEGGER/SEGGER_RTT_ASM_ARMv7M.o
 .debug_line    0x0001a98f     0x2335 ./Libs/SystemView/SEGGER/SEGGER_SYSVIEW.o
 .debug_line    0x0001ccc4      0xa4f ./Libs/SystemView/Sample/FreeRTOSV11/SEGGER_SYSVIEW_FreeRTOS.o

.debug_str      0x00000000    0xee5dc
 .debug_str     0x00000000    0xee5dc ./Core/Modules/FreeRTOS/freertos.o
                              0xe3251 (size before relaxing)
 .debug_str     0x000ee5dc    0xe2c38 ./Core/Modules/FreeRTOS/freertos_init.o
 .debug_str     0x000ee5dc    0x1b740 ./Core/Modules/Segger/SEGGER_SYSVIEW_Config_FreeRTOS.o
 .debug_str     0x000ee5dc    0xe2d02 ./Core/Modules/led/led.o
 .debug_str     0x000ee5dc    0xe3d98 ./Core/Src/main.o
 .debug_str     0x000ee5dc    0xca730 ./Core/Src/stm32f4xx_hal_msp.o